This file contains any messages produced by compilers while
running configure, to aid debugging if configure makes a mistake.

It was created by xfce4-panel configure 4.18.4, which was
generated by GNU Autoconf 2.71.  Invocation command line was

  $ ./configure --prefix=/usr

## --------- ##
## Platform. ##
## --------- ##

hostname = mehran-B450-AORUS-ELITE
uname -m = x86_64
uname -r = 6.8.0-87-generic
uname -s = Linux
uname -v = #88-Ubuntu SMP PREEMPT_DYNAMIC Sat Oct 11 09:28:41 UTC 2025

/usr/bin/uname -p = x86_64
/bin/uname -X     = unknown

/bin/arch              = x86_64
/usr/bin/arch -k       = unknown
/usr/convex/getsysinfo = unknown
/usr/bin/hostinfo      = unknown
/bin/machine           = unknown
/usr/bin/oslevel       = unknown
/bin/universe          = unknown

PATH: /home/mehran/py312/bin/
PATH: /home/mehran/.nvm/versions/node/v22.18.0/bin/
PATH: /home/mehran/.pyenv/shims/
PATH: /usr/local/cuda/bin/
PATH: /home/mehran/py312/bin/
PATH: /home/mehran/.pyenv/bin/
PATH: /home/mehran/.cargo/bin/
PATH: /home/mehran/.local/bin/
PATH: /usr/local/sbin/
PATH: /usr/local/bin/
PATH: /usr/sbin/
PATH: /usr/bin/
PATH: /sbin/
PATH: /bin/
PATH: /usr/games/
PATH: /usr/local/games/
PATH: /snap/bin/
PATH: /home/mehran/.local/share/JetBrains/Toolbox/scripts/
PATH: /home/mehran/Android/Sdk/platform-tools/


## ----------- ##
## Core tests. ##
## ----------- ##

configure:2649: looking for aux files: ltmain.sh config.guess config.sub compile missing install-sh
configure:2662:  trying ./
configure:2691:   ./ltmain.sh found
configure:2691:   ./config.guess found
configure:2691:   ./config.sub found
configure:2691:   ./compile found
configure:2691:   ./missing found
configure:2673:   ./install-sh found
configure:2825: checking for a BSD-compatible install
configure:2898: result: /usr/bin/install -c
configure:2909: checking whether build environment is sane
configure:2964: result: yes
configure:3123: checking for a race-free mkdir -p
configure:3167: result: /usr/bin/mkdir -p
configure:3174: checking for gawk
configure:3209: result: no
configure:3174: checking for mawk
configure:3195: found /usr/bin/mawk
configure:3206: result: mawk
configure:3217: checking whether make sets $(MAKE)
configure:3240: result: yes
configure:3270: checking whether make supports nested variables
configure:3288: result: yes
configure:3373: checking whether UID '1000' is supported by ustar format
configure:3376: result: yes
configure:3383: checking whether GID '1000' is supported by ustar format
configure:3386: result: yes
configure:3394: checking how to create a ustar tar archive
configure:3405: tar --version
tar (GNU tar) 1.35
Copyright (C) 2023 Free Software Foundation, Inc.
License GPLv3+: GNU GPL version 3 or later <https://gnu.org/licenses/gpl.html>.
This is free software: you are free to change and redistribute it.
There is NO WARRANTY, to the extent permitted by law.

Written by John Gilmore and Jay Fenlason.
configure:3408: $? = 0
configure:3448: tardir=conftest.dir && eval tar --format=ustar -chf - "$tardir" >conftest.tar
configure:3451: $? = 0
configure:3455: tar -xf - <conftest.tar
configure:3458: $? = 0
configure:3460: cat conftest.dir/file
GrepMe
configure:3463: $? = 0
configure:3477: result: gnutar
configure:3542: checking whether to enable maintainer-specific portions of Makefiles
configure:3552: result: no
configure:3578: checking whether make supports nested variables
configure:3596: result: yes
configure:3632: checking whether make supports the include directive
configure:3647: make -f confmf.GNU && cat confinc.out
this is the am__doit target
configure:3650: $? = 0
configure:3669: result: yes (GNU style)
configure:3745: checking for gcc
configure:3766: found /usr/bin/gcc
configure:3777: result: gcc
configure:4130: checking for C compiler version
configure:4139: gcc --version >&5
gcc (Ubuntu 13.3.0-6ubuntu2~24.04) 13.3.0
Copyright (C) 2023 Free Software Foundation, Inc.
This is free software; see the source for copying conditions.  There is NO
warranty; not even for MERCHANTABILITY or FITNESS FOR A PARTICULAR PURPOSE.

configure:4150: $? = 0
configure:4139: gcc -v >&5
Using built-in specs.
COLLECT_GCC=gcc
COLLECT_LTO_WRAPPER=/usr/libexec/gcc/x86_64-linux-gnu/13/lto-wrapper
OFFLOAD_TARGET_NAMES=nvptx-none:amdgcn-amdhsa
OFFLOAD_TARGET_DEFAULT=1
Target: x86_64-linux-gnu
Configured with: ../src/configure -v --with-pkgversion='Ubuntu 13.3.0-6ubuntu2~24.04' --with-bugurl=file:///usr/share/doc/gcc-13/README.Bugs --enable-languages=c,ada,c++,go,d,fortran,objc,obj-c++,m2 --prefix=/usr --with-gcc-major-version-only --program-suffix=-13 --program-prefix=x86_64-linux-gnu- --enable-shared --enable-linker-build-id --libexecdir=/usr/libexec --without-included-gettext --enable-threads=posix --libdir=/usr/lib --enable-nls --enable-bootstrap --enable-clocale=gnu --enable-libstdcxx-debug --enable-libstdcxx-time=yes --with-default-libstdcxx-abi=new --enable-libstdcxx-backtrace --enable-gnu-unique-object --disable-vtable-verify --enable-plugin --enable-default-pie --with-system-zlib --enable-libphobos-checking=release --with-target-system-zlib=auto --enable-objc-gc=auto --enable-multiarch --disable-werror --enable-cet --with-arch-32=i686 --with-abi=m64 --with-multilib-list=m32,m64,mx32 --enable-multilib --with-tune=generic --enable-offload-targets=nvptx-none=/build/gcc-13-fG75Ri/gcc-13-13.3.0/debian/tmp-nvptx/usr,amdgcn-amdhsa=/build/gcc-13-fG75Ri/gcc-13-13.3.0/debian/tmp-gcn/usr --enable-offload-defaulted --without-cuda-driver --enable-checking=release --build=x86_64-linux-gnu --host=x86_64-linux-gnu --target=x86_64-linux-gnu --with-build-config=bootstrap-lto-lean --enable-link-serialization=2
Thread model: posix
Supported LTO compression algorithms: zlib zstd
gcc version 13.3.0 (Ubuntu 13.3.0-6ubuntu2~24.04) 
... rest of stderr output deleted ...
configure:4150: $? = 0
configure:4139: gcc -V >&5
gcc: error: unrecognized command-line option '-V'
gcc: fatal error: no input files
compilation terminated.
configure:4150: $? = 1
configure:4139: gcc -qversion >&5
gcc: error: unrecognized command-line option '-qversion'; did you mean '--version'?
gcc: fatal error: no input files
compilation terminated.
configure:4150: $? = 1
configure:4139: gcc -version >&5
gcc: error: unrecognized command-line option '-version'
gcc: fatal error: no input files
compilation terminated.
configure:4150: $? = 1
configure:4170: checking whether the C compiler works
configure:4192: gcc -I/tmp/extracted/usr/include    conftest.c  >&5
configure:4196: $? = 0
configure:4246: result: yes
configure:4249: checking for C compiler default output file name
configure:4251: result: a.out
configure:4257: checking for suffix of executables
configure:4264: gcc -o conftest -I/tmp/extracted/usr/include    conftest.c  >&5
configure:4268: $? = 0
configure:4291: result: 
configure:4313: checking whether we are cross compiling
configure:4321: gcc -o conftest -I/tmp/extracted/usr/include    conftest.c  >&5
configure:4325: $? = 0
configure:4332: ./conftest
configure:4336: $? = 0
configure:4351: result: no
configure:4356: checking for suffix of object files
configure:4379: gcc -c -I/tmp/extracted/usr/include   conftest.c >&5
configure:4383: $? = 0
configure:4405: result: o
configure:4409: checking whether the compiler supports GNU C
configure:4429: gcc -c -I/tmp/extracted/usr/include   conftest.c >&5
configure:4429: $? = 0
configure:4439: result: yes
configure:4450: checking whether gcc accepts -g
configure:4471: gcc -c -g  conftest.c >&5
configure:4471: $? = 0
configure:4515: result: yes
configure:4535: checking for gcc option to enable C11 features
configure:4550: gcc  -c -I/tmp/extracted/usr/include   conftest.c >&5
configure:4550: $? = 0
configure:4568: result: none needed
configure:4684: checking whether gcc understands -c and -o together
configure:4707: gcc -c conftest.c -o conftest2.o
configure:4710: $? = 0
configure:4707: gcc -c conftest.c -o conftest2.o
configure:4710: $? = 0
configure:4722: result: yes
configure:4741: checking dependency style of gcc
configure:4853: result: gcc3
configure:4873: checking for stdio.h
configure:4873: gcc -c -I/tmp/extracted/usr/include   conftest.c >&5
configure:4873: $? = 0
configure:4873: result: yes
configure:4873: checking for stdlib.h
configure:4873: gcc -c -I/tmp/extracted/usr/include   conftest.c >&5
configure:4873: $? = 0
configure:4873: result: yes
configure:4873: checking for string.h
configure:4873: gcc -c -I/tmp/extracted/usr/include   conftest.c >&5
configure:4873: $? = 0
configure:4873: result: yes
configure:4873: checking for inttypes.h
configure:4873: gcc -c -I/tmp/extracted/usr/include   conftest.c >&5
configure:4873: $? = 0
configure:4873: result: yes
configure:4873: checking for stdint.h
configure:4873: gcc -c -I/tmp/extracted/usr/include   conftest.c >&5
configure:4873: $? = 0
configure:4873: result: yes
configure:4873: checking for strings.h
configure:4873: gcc -c -I/tmp/extracted/usr/include   conftest.c >&5
configure:4873: $? = 0
configure:4873: result: yes
configure:4873: checking for sys/stat.h
configure:4873: gcc -c -I/tmp/extracted/usr/include   conftest.c >&5
configure:4873: $? = 0
configure:4873: result: yes
configure:4873: checking for sys/types.h
configure:4873: gcc -c -I/tmp/extracted/usr/include   conftest.c >&5
configure:4873: $? = 0
configure:4873: result: yes
configure:4873: checking for unistd.h
configure:4873: gcc -c -I/tmp/extracted/usr/include   conftest.c >&5
configure:4873: $? = 0
configure:4873: result: yes
configure:4873: checking for wchar.h
configure:4873: gcc -c -I/tmp/extracted/usr/include   conftest.c >&5
configure:4873: $? = 0
configure:4873: result: yes
configure:4873: checking for minix/config.h
configure:4873: gcc -c -I/tmp/extracted/usr/include   conftest.c >&5
conftest.c:49:10: fatal error: minix/config.h: No such file or directory
   49 | #include <minix/config.h>
      |          ^~~~~~~~~~~~~~~~
compilation terminated.
configure:4873: $? = 1
configure: failed program was:
| /* confdefs.h */
| #define PACKAGE_NAME "xfce4-panel"
| #define PACKAGE_TARNAME "xfce4-panel"
| #define PACKAGE_VERSION "4.18.4"
| #define PACKAGE_STRING "xfce4-panel 4.18.4"
| #define PACKAGE_BUGREPORT "https://gitlab.xfce.org/xfce/xfce4-panel/-/issues"
| #define PACKAGE_URL ""
| #define PACKAGE "xfce4-panel"
| #define VERSION "4.18.4"
| #define HAVE_STDIO_H 1
| #define HAVE_STDLIB_H 1
| #define HAVE_STRING_H 1
| #define HAVE_INTTYPES_H 1
| #define HAVE_STDINT_H 1
| #define HAVE_STRINGS_H 1
| #define HAVE_SYS_STAT_H 1
| #define HAVE_SYS_TYPES_H 1
| #define HAVE_UNISTD_H 1
| #define HAVE_WCHAR_H 1
| /* end confdefs.h.  */
| #include <stddef.h>
| #ifdef HAVE_STDIO_H
| # include <stdio.h>
| #endif
| #ifdef HAVE_STDLIB_H
| # include <stdlib.h>
| #endif
| #ifdef HAVE_STRING_H
| # include <string.h>
| #endif
| #ifdef HAVE_INTTYPES_H
| # include <inttypes.h>
| #endif
| #ifdef HAVE_STDINT_H
| # include <stdint.h>
| #endif
| #ifdef HAVE_STRINGS_H
| # include <strings.h>
| #endif
| #ifdef HAVE_SYS_TYPES_H
| # include <sys/types.h>
| #endif
| #ifdef HAVE_SYS_STAT_H
| # include <sys/stat.h>
| #endif
| #ifdef HAVE_UNISTD_H
| # include <unistd.h>
| #endif
| #include <minix/config.h>
configure:4873: result: no
configure:4904: checking whether it is safe to define __EXTENSIONS__
configure:4923: gcc -c -I/tmp/extracted/usr/include   conftest.c >&5
configure:4923: $? = 0
configure:4931: result: yes
configure:4934: checking whether _XOPEN_SOURCE should be defined
configure:4956: gcc -c -I/tmp/extracted/usr/include   conftest.c >&5
configure:4956: $? = 0
configure:4983: result: no
configure:5093: checking for gcc
configure:5125: result: gcc
configure:5478: checking for C compiler version
configure:5487: gcc --version >&5
gcc (Ubuntu 13.3.0-6ubuntu2~24.04) 13.3.0
Copyright (C) 2023 Free Software Foundation, Inc.
This is free software; see the source for copying conditions.  There is NO
warranty; not even for MERCHANTABILITY or FITNESS FOR A PARTICULAR PURPOSE.

configure:5498: $? = 0
configure:5487: gcc -v >&5
Using built-in specs.
COLLECT_GCC=gcc
COLLECT_LTO_WRAPPER=/usr/libexec/gcc/x86_64-linux-gnu/13/lto-wrapper
OFFLOAD_TARGET_NAMES=nvptx-none:amdgcn-amdhsa
OFFLOAD_TARGET_DEFAULT=1
Target: x86_64-linux-gnu
Configured with: ../src/configure -v --with-pkgversion='Ubuntu 13.3.0-6ubuntu2~24.04' --with-bugurl=file:///usr/share/doc/gcc-13/README.Bugs --enable-languages=c,ada,c++,go,d,fortran,objc,obj-c++,m2 --prefix=/usr --with-gcc-major-version-only --program-suffix=-13 --program-prefix=x86_64-linux-gnu- --enable-shared --enable-linker-build-id --libexecdir=/usr/libexec --without-included-gettext --enable-threads=posix --libdir=/usr/lib --enable-nls --enable-bootstrap --enable-clocale=gnu --enable-libstdcxx-debug --enable-libstdcxx-time=yes --with-default-libstdcxx-abi=new --enable-libstdcxx-backtrace --enable-gnu-unique-object --disable-vtable-verify --enable-plugin --enable-default-pie --with-system-zlib --enable-libphobos-checking=release --with-target-system-zlib=auto --enable-objc-gc=auto --enable-multiarch --disable-werror --enable-cet --with-arch-32=i686 --with-abi=m64 --with-multilib-list=m32,m64,mx32 --enable-multilib --with-tune=generic --enable-offload-targets=nvptx-none=/build/gcc-13-fG75Ri/gcc-13-13.3.0/debian/tmp-nvptx/usr,amdgcn-amdhsa=/build/gcc-13-fG75Ri/gcc-13-13.3.0/debian/tmp-gcn/usr --enable-offload-defaulted --without-cuda-driver --enable-checking=release --build=x86_64-linux-gnu --host=x86_64-linux-gnu --target=x86_64-linux-gnu --with-build-config=bootstrap-lto-lean --enable-link-serialization=2
Thread model: posix
Supported LTO compression algorithms: zlib zstd
gcc version 13.3.0 (Ubuntu 13.3.0-6ubuntu2~24.04) 
... rest of stderr output deleted ...
configure:5498: $? = 0
configure:5487: gcc -V >&5
gcc: error: unrecognized command-line option '-V'
gcc: fatal error: no input files
compilation terminated.
configure:5498: $? = 1
configure:5487: gcc -qversion >&5
gcc: error: unrecognized command-line option '-qversion'; did you mean '--version'?
gcc: fatal error: no input files
compilation terminated.
configure:5498: $? = 1
configure:5487: gcc -version >&5
gcc: error: unrecognized command-line option '-version'
gcc: fatal error: no input files
compilation terminated.
configure:5498: $? = 1
configure:5502: checking whether the compiler supports GNU C
configure:5532: result: yes
configure:5543: checking whether gcc accepts -g
configure:5608: result: yes
configure:5628: checking for gcc option to enable C11 features
configure:5661: result: none needed
configure:5777: checking whether gcc understands -c and -o together
configure:5815: result: yes
configure:5834: checking dependency style of gcc
configure:5946: result: gcc3
configure:5968: checking build system type
configure:5983: result: x86_64-pc-linux-gnu
configure:6003: checking host system type
configure:6017: result: x86_64-pc-linux-gnu
configure:6037: checking for a sed that does not truncate output
configure:6107: result: /usr/bin/sed
configure:6125: checking for grep that handles long lines and -e
configure:6189: result: /usr/bin/grep
configure:6194: checking for egrep
configure:6262: result: /usr/bin/grep -E
configure:6267: checking for fgrep
configure:6335: result: /usr/bin/grep -F
configure:6362: checking how to print strings
configure:6389: result: printf
configure:6423: checking for ld used by gcc
configure:6491: result: /usr/bin/ld
configure:6498: checking if the linker (/usr/bin/ld) is GNU ld
configure:6514: result: yes
configure:6528: checking whether NLS is requested
configure:6538: result: yes
configure:6556: checking for intltool >= 0.35.0
configure:6558: result: 0.51.0 found
configure:6566: checking for intltool-update
configure:6589: found /usr/bin/intltool-update
configure:6601: result: /usr/bin/intltool-update
configure:6611: checking for intltool-merge
configure:6634: found /usr/bin/intltool-merge
configure:6646: result: /usr/bin/intltool-merge
configure:6656: checking for intltool-extract
configure:6679: found /usr/bin/intltool-extract
configure:6691: result: /usr/bin/intltool-extract
configure:6845: checking for xgettext
configure:6868: found /usr/bin/xgettext
configure:6880: result: /usr/bin/xgettext
configure:6890: checking for msgmerge
configure:6913: found /usr/bin/msgmerge
configure:6925: result: /usr/bin/msgmerge
configure:6935: checking for msgfmt
configure:6958: found /usr/bin/msgfmt
configure:6970: result: /usr/bin/msgfmt
configure:6980: checking for gmsgfmt
configure:7016: result: /usr/bin/msgfmt
configure:7036: checking for perl
configure:7059: found /usr/bin/perl
configure:7071: result: /usr/bin/perl
configure:7082: checking for perl >= 5.8.1
configure:7089: result: 5.38.2
configure:7093: checking for XML::Parser
configure:7096: result: ok
configure:7113: checking for perl5
configure:7148: result: no
configure:7113: checking for perl
configure:7134: found /usr/bin/perl
configure:7145: result: perl
configure:7156: checking for a sed that does not truncate output
configure:7226: result: /usr/bin/sed
configure:7276: checking for BSD- or MS-compatible name lister (nm)
configure:7331: result: /usr/bin/nm -B
configure:7471: checking the name lister (/usr/bin/nm -B) interface
configure:7479: gcc -c -I/tmp/extracted/usr/include   conftest.c >&5
configure:7482: /usr/bin/nm -B "conftest.o"
configure:7485: output
0000000000000000 B some_variable
configure:7492: result: BSD nm
configure:7495: checking whether ln -s works
configure:7499: result: yes
configure:7507: checking the maximum length of command line arguments
configure:7639: result: 1572864
configure:7687: checking how to convert x86_64-pc-linux-gnu file names to x86_64-pc-linux-gnu format
configure:7728: result: func_convert_file_noop
configure:7735: checking how to convert x86_64-pc-linux-gnu file names to toolchain format
configure:7756: result: func_convert_file_noop
configure:7763: checking for /usr/bin/ld option to reload object files
configure:7771: result: -r
configure:7850: checking for file
configure:7871: found /usr/bin/file
configure:7882: result: file
configure:7958: checking for objdump
configure:7979: found /usr/bin/objdump
configure:7990: result: objdump
configure:8022: checking how to recognize dependent libraries
configure:8223: result: pass_all
configure:8313: checking for dlltool
configure:8348: result: no
configure:8378: checking how to associate runtime and link libraries
configure:8406: result: printf %s\n
configure:8471: checking for ar
configure:8492: found /usr/bin/ar
configure:8503: result: ar
configure:8556: checking for archiver @FILE support
configure:8574: gcc -c -I/tmp/extracted/usr/include   conftest.c >&5
configure:8574: $? = 0
configure:8578: ar cr libconftest.a @conftest.lst >&5
configure:8581: $? = 0
configure:8586: ar cr libconftest.a @conftest.lst >&5
ar: conftest.o: No such file or directory
configure:8589: $? = 1
configure:8601: result: @
configure:8664: checking for strip
configure:8685: found /usr/bin/strip
configure:8696: result: strip
configure:8773: checking for ranlib
configure:8794: found /usr/bin/ranlib
configure:8805: result: ranlib
configure:8907: checking command to parse /usr/bin/nm -B output from gcc object
configure:9061: gcc -c -I/tmp/extracted/usr/include   conftest.c >&5
configure:9064: $? = 0
configure:9068: /usr/bin/nm -B conftest.o \| /usr/bin/sed -n -e 's/^.*[ ]\([ABCDGIRSTW][ABCDGIRSTW]*\)[ ][ ]*\([_A-Za-z][_A-Za-z0-9]*\)$/\1 \2 \2/p' | /usr/bin/sed '/ __gnu_lto/d' \> conftest.nm
configure:9071: $? = 0
configure:9137: gcc -o conftest -I/tmp/extracted/usr/include    conftest.c conftstm.o >&5
configure:9140: $? = 0
configure:9178: result: ok
configure:9225: checking for sysroot
configure:9256: result: no
configure:9263: checking for a working dd
configure:9307: result: /usr/bin/dd
configure:9311: checking how to truncate binary pipes
configure:9327: result: /usr/bin/dd bs=4096 count=1
configure:9464: gcc -c -I/tmp/extracted/usr/include   conftest.c >&5
configure:9467: $? = 0
configure:9664: checking for mt
configure:9685: found /usr/bin/mt
configure:9696: result: mt
configure:9719: checking if mt is a manifest tool
configure:9726: mt '-?'
configure:9734: result: no
configure:10455: checking for dlfcn.h
configure:10455: gcc -c -I/tmp/extracted/usr/include   conftest.c >&5
configure:10455: $? = 0
configure:10455: result: yes
configure:10713: checking for objdir
configure:10729: result: .libs
configure:10993: checking if gcc supports -fno-rtti -fno-exceptions
configure:11012: gcc -c -I/tmp/extracted/usr/include   -fno-rtti -fno-exceptions conftest.c >&5
cc1: warning: command-line option '-fno-rtti' is valid for C++/D/ObjC++ but not for C
configure:11016: $? = 0
configure:11029: result: no
configure:11387: checking for gcc option to produce PIC
configure:11395: result: -fPIC -DPIC
configure:11403: checking if gcc PIC flag -fPIC -DPIC works
configure:11422: gcc -c -I/tmp/extracted/usr/include   -fPIC -DPIC -DPIC conftest.c >&5
configure:11426: $? = 0
configure:11439: result: yes
configure:11468: checking if gcc static flag -static works
configure:11497: result: yes
configure:11512: checking if gcc supports -c -o file.o
configure:11534: gcc -c -I/tmp/extracted/usr/include   -o out/conftest2.o conftest.c >&5
configure:11538: $? = 0
configure:11560: result: yes
configure:11568: checking if gcc supports -c -o file.o
configure:11616: result: yes
configure:11649: checking whether the gcc linker (/usr/bin/ld -m elf_x86_64) supports shared libraries
configure:12917: result: yes
configure:12954: checking whether -lc should be explicitly linked in
configure:12963: gcc -c -I/tmp/extracted/usr/include   conftest.c >&5
configure:12966: $? = 0
configure:12981: gcc -shared  -fPIC -DPIC conftest.o  -v -Wl,-soname -Wl,conftest -o conftest 2\>\&1 \| /usr/bin/grep  -lc  \>/dev/null 2\>\&1
configure:12984: $? = 0
configure:12998: result: no
configure:13158: checking dynamic linker characteristics
configure:13740: gcc -o conftest -I/tmp/extracted/usr/include    -Wl,-rpath -Wl,/foo conftest.c  >&5
configure:13740: $? = 0
configure:13979: result: GNU/Linux ld.so
configure:14101: checking how to hardcode library paths into programs
configure:14126: result: immediate
configure:14678: checking whether stripping libraries is possible
configure:14687: result: yes
configure:14729: checking if libtool supports shared libraries
configure:14731: result: yes
configure:14734: checking whether to build shared libraries
configure:14759: result: yes
configure:14762: checking whether to build static libraries
configure:14766: result: no
configure:14827: checking for stdlib.h
configure:14827: result: yes
configure:14833: checking for unistd.h
configure:14833: result: yes
configure:14839: checking for locale.h
configure:14839: gcc -c -I/tmp/extracted/usr/include   conftest.c >&5
configure:14839: $? = 0
configure:14839: result: yes
configure:14845: checking for stdio.h
configure:14845: result: yes
configure:14851: checking for errno.h
configure:14851: gcc -c -I/tmp/extracted/usr/include   conftest.c >&5
configure:14851: $? = 0
configure:14851: result: yes
configure:14857: checking for time.h
configure:14857: gcc -c -I/tmp/extracted/usr/include   conftest.c >&5
configure:14857: $? = 0
configure:14857: result: yes
configure:14863: checking for string.h
configure:14863: result: yes
configure:14869: checking for math.h
configure:14869: gcc -c -I/tmp/extracted/usr/include   conftest.c >&5
configure:14869: $? = 0
configure:14869: result: yes
configure:14875: checking for sys/types.h
configure:14875: result: yes
configure:14881: checking for sys/wait.h
configure:14881: gcc -c -I/tmp/extracted/usr/include   conftest.c >&5
configure:14881: $? = 0
configure:14881: result: yes
configure:14887: checking for memory.h
configure:14887: gcc -c -I/tmp/extracted/usr/include   conftest.c >&5
configure:14887: $? = 0
configure:14887: result: yes
configure:14893: checking for signal.h
configure:14893: gcc -c -I/tmp/extracted/usr/include   conftest.c >&5
configure:14893: $? = 0
configure:14893: result: yes
configure:14899: checking for sys/prctl.h
configure:14899: gcc -c -I/tmp/extracted/usr/include   conftest.c >&5
configure:14899: $? = 0
configure:14899: result: yes
configure:14905: checking for libintl.h
configure:14905: gcc -c -I/tmp/extracted/usr/include   conftest.c >&5
configure:14905: $? = 0
configure:14905: result: yes
configure:14912: checking for bind_textdomain_codeset
configure:14912: gcc -o conftest -I/tmp/extracted/usr/include    conftest.c  >&5
configure:14912: $? = 0
configure:14912: result: yes
configure:14929: checking for bind_textdomain_codeset
configure:14929: result: yes
configure:14936: checking for locales directory
configure:14953: result: ${prefix}/share/locale
configure:14963: checking how to run the C preprocessor
configure:14989: gcc -E  conftest.c
configure:14989: $? = 0
configure:15004: gcc -E  conftest.c
conftest.c:58:10: fatal error: ac_nonexistent.h: No such file or directory
   58 | #include <ac_nonexistent.h>
      |          ^~~~~~~~~~~~~~~~~~
compilation terminated.
configure:15004: $? = 1
configure: failed program was:
| /* confdefs.h */
| #define PACKAGE_NAME "xfce4-panel"
| #define PACKAGE_TARNAME "xfce4-panel"
| #define PACKAGE_VERSION "4.18.4"
| #define PACKAGE_STRING "xfce4-panel 4.18.4"
| #define PACKAGE_BUGREPORT "https://gitlab.xfce.org/xfce/xfce4-panel/-/issues"
| #define PACKAGE_URL ""
| #define PACKAGE "xfce4-panel"
| #define VERSION "4.18.4"
| #define HAVE_STDIO_H 1
| #define HAVE_STDLIB_H 1
| #define HAVE_STRING_H 1
| #define HAVE_INTTYPES_H 1
| #define HAVE_STDINT_H 1
| #define HAVE_STRINGS_H 1
| #define HAVE_SYS_STAT_H 1
| #define HAVE_SYS_TYPES_H 1
| #define HAVE_UNISTD_H 1
| #define HAVE_WCHAR_H 1
| #define STDC_HEADERS 1
| #define _ALL_SOURCE 1
| #define _DARWIN_C_SOURCE 1
| #define _GNU_SOURCE 1
| #define _HPUX_ALT_XOPEN_SOCKET_API 1
| #define _NETBSD_SOURCE 1
| #define _OPENBSD_SOURCE 1
| #define _POSIX_PTHREAD_SEMANTICS 1
| #define __STDC_WANT_IEC_60559_ATTRIBS_EXT__ 1
| #define __STDC_WANT_IEC_60559_BFP_EXT__ 1
| #define __STDC_WANT_IEC_60559_DFP_EXT__ 1
| #define __STDC_WANT_IEC_60559_FUNCS_EXT__ 1
| #define __STDC_WANT_IEC_60559_TYPES_EXT__ 1
| #define __STDC_WANT_LIB_EXT2__ 1
| #define __STDC_WANT_MATH_SPEC_FUNCS__ 1
| #define _TANDEM_SOURCE 1
| #define __EXTENSIONS__ 1
| #define HAVE_DLFCN_H 1
| #define LT_OBJDIR ".libs/"
| #define LIBXFCE4PANEL_VERSION_API "2.0"
| #define XFCE4_PANEL_CONFIG_VERSION 2
| #define HAVE_STDLIB_H 1
| #define HAVE_UNISTD_H 1
| #define HAVE_LOCALE_H 1
| #define HAVE_STDIO_H 1
| #define HAVE_ERRNO_H 1
| #define HAVE_TIME_H 1
| #define HAVE_STRING_H 1
| #define HAVE_MATH_H 1
| #define HAVE_SYS_TYPES_H 1
| #define HAVE_SYS_WAIT_H 1
| #define HAVE_MEMORY_H 1
| #define HAVE_SIGNAL_H 1
| #define HAVE_SYS_PRCTL_H 1
| #define HAVE_LIBINTL_H 1
| #define HAVE_BIND_TEXTDOMAIN_CODESET 1
| #define GETTEXT_PACKAGE "xfce4-panel"
| /* end confdefs.h.  */
| #include <ac_nonexistent.h>
configure:15031: result: gcc -E
configure:15045: gcc -E  conftest.c
configure:15045: $? = 0
configure:15060: gcc -E  conftest.c
conftest.c:58:10: fatal error: ac_nonexistent.h: No such file or directory
   58 | #include <ac_nonexistent.h>
      |          ^~~~~~~~~~~~~~~~~~
compilation terminated.
configure:15060: $? = 1
configure: failed program was:
| /* confdefs.h */
| #define PACKAGE_NAME "xfce4-panel"
| #define PACKAGE_TARNAME "xfce4-panel"
| #define PACKAGE_VERSION "4.18.4"
| #define PACKAGE_STRING "xfce4-panel 4.18.4"
| #define PACKAGE_BUGREPORT "https://gitlab.xfce.org/xfce/xfce4-panel/-/issues"
| #define PACKAGE_URL ""
| #define PACKAGE "xfce4-panel"
| #define VERSION "4.18.4"
| #define HAVE_STDIO_H 1
| #define HAVE_STDLIB_H 1
| #define HAVE_STRING_H 1
| #define HAVE_INTTYPES_H 1
| #define HAVE_STDINT_H 1
| #define HAVE_STRINGS_H 1
| #define HAVE_SYS_STAT_H 1
| #define HAVE_SYS_TYPES_H 1
| #define HAVE_UNISTD_H 1
| #define HAVE_WCHAR_H 1
| #define STDC_HEADERS 1
| #define _ALL_SOURCE 1
| #define _DARWIN_C_SOURCE 1
| #define _GNU_SOURCE 1
| #define _HPUX_ALT_XOPEN_SOCKET_API 1
| #define _NETBSD_SOURCE 1
| #define _OPENBSD_SOURCE 1
| #define _POSIX_PTHREAD_SEMANTICS 1
| #define __STDC_WANT_IEC_60559_ATTRIBS_EXT__ 1
| #define __STDC_WANT_IEC_60559_BFP_EXT__ 1
| #define __STDC_WANT_IEC_60559_DFP_EXT__ 1
| #define __STDC_WANT_IEC_60559_FUNCS_EXT__ 1
| #define __STDC_WANT_IEC_60559_TYPES_EXT__ 1
| #define __STDC_WANT_LIB_EXT2__ 1
| #define __STDC_WANT_MATH_SPEC_FUNCS__ 1
| #define _TANDEM_SOURCE 1
| #define __EXTENSIONS__ 1
| #define HAVE_DLFCN_H 1
| #define LT_OBJDIR ".libs/"
| #define LIBXFCE4PANEL_VERSION_API "2.0"
| #define XFCE4_PANEL_CONFIG_VERSION 2
| #define HAVE_STDLIB_H 1
| #define HAVE_UNISTD_H 1
| #define HAVE_LOCALE_H 1
| #define HAVE_STDIO_H 1
| #define HAVE_ERRNO_H 1
| #define HAVE_TIME_H 1
| #define HAVE_STRING_H 1
| #define HAVE_MATH_H 1
| #define HAVE_SYS_TYPES_H 1
| #define HAVE_SYS_WAIT_H 1
| #define HAVE_MEMORY_H 1
| #define HAVE_SIGNAL_H 1
| #define HAVE_SYS_PRCTL_H 1
| #define HAVE_LIBINTL_H 1
| #define HAVE_BIND_TEXTDOMAIN_CODESET 1
| #define GETTEXT_PACKAGE "xfce4-panel"
| /* end confdefs.h.  */
| #include <ac_nonexistent.h>
configure:15091: checking for X
configure:15129: gcc -o conftest -I/tmp/extracted/usr/include    conftest.c -lX11  >&5
configure:15129: $? = 0
configure:15316: result: libraries , headers 
configure:15414: gcc -o conftest -I/tmp/extracted/usr/include    conftest.c   -lX11 >&5
configure:15414: $? = 0
configure:15513: checking for gethostbyname
configure:15513: gcc -o conftest -I/tmp/extracted/usr/include    conftest.c  >&5
configure:15513: $? = 0
configure:15513: result: yes
configure:15611: checking for connect
configure:15611: gcc -o conftest -I/tmp/extracted/usr/include    conftest.c  >&5
configure:15611: $? = 0
configure:15611: result: yes
configure:15661: checking for remove
configure:15661: gcc -o conftest -I/tmp/extracted/usr/include    conftest.c  >&5
configure:15661: $? = 0
configure:15661: result: yes
configure:15711: checking for shmat
configure:15711: gcc -o conftest -I/tmp/extracted/usr/include    conftest.c  >&5
configure:15711: $? = 0
configure:15711: result: yes
configure:15770: checking for IceConnectionNumber in -lICE
configure:15793: gcc -o conftest -I/tmp/extracted/usr/include    conftest.c -lICE   >&5
configure:15793: $? = 0
configure:15803: result: yes
configure:15819: checking for main in -lX11
configure:15839: gcc -o conftest -I/tmp/extracted/usr/include    conftest.c -lX11   -lSM -lICE    >&5
configure:15839: $? = 0
configure:15849: result: yes
configure:15893: checking for gdbus-codegen
configure:15916: found /usr/bin/gdbus-codegen
configure:15929: result: /usr/bin/gdbus-codegen
configure:16018: checking for pkg-config
configure:16041: found /usr/bin/pkg-config
configure:16053: result: /usr/bin/pkg-config
configure:16078: checking pkg-config is at least version 0.9.0
configure:16081: result: yes
configure:16103: checking for libxfce4util-1.0 >= 4.17.2
configure:16107: result: 4.18.1
configure:16110: checking LIBXFCE4UTIL_CFLAGS
configure:16113: result: -I/usr/include/xfce4 -I/usr/include/glib-2.0 -I/usr/lib/x86_64-linux-gnu/glib-2.0/include 
configure:16116: checking LIBXFCE4UTIL_LIBS
configure:16119: result: -lxfce4util -lglib-2.0 
configure:16231: checking for pkg-config
configure:16266: result: /usr/bin/pkg-config
configure:16291: checking pkg-config is at least version 0.9.0
configure:16294: result: yes
configure:16316: checking for garcon-1 >= 4.17.0
configure:16320: result: 4.18.1
configure:16323: checking GARCON_CFLAGS
configure:16326: result: -I/usr/include/garcon-1 -I/usr/include/glib-2.0 -I/usr/lib/x86_64-linux-gnu/glib-2.0/include -I/usr/include/libmount -I/usr/include/blkid -pthread 
configure:16329: checking GARCON_LIBS
configure:16332: result: -lgarcon-1 -lgio-2.0 -lgthread-2.0 -pthread -lglib-2.0 -lgobject-2.0 -lglib-2.0 
configure:16444: checking for pkg-config
configure:16479: result: /usr/bin/pkg-config
configure:16504: checking pkg-config is at least version 0.9.0
configure:16507: result: yes
configure:16529: checking for garcon-gtk3-1 >= 4.17.0
configure:16533: result: 4.18.1
configure:16536: checking GARCON_GTK3_CFLAGS
configure:16539: result: -I/usr/include/garcon-gtk3-1 -I/usr/include/garcon-1 -I/usr/include/glib-2.0 -I/usr/lib/x86_64-linux-gnu/glib-2.0/include -I/usr/include/libmount -I/usr/include/blkid -I/usr/include/gtk-3.0 -I/usr/include/pango-1.0 -I/usr/include/harfbuzz -I/usr/include/freetype2 -I/usr/include/libpng16 -I/usr/include/fribidi -I/usr/include/cairo -I/usr/include/pixman-1 -I/usr/include/gdk-pixbuf-2.0 -I/usr/include/x86_64-linux-gnu -I/usr/include/webp -I/usr/include/gio-unix-2.0 -I/usr/include/atk-1.0 -I/usr/include/at-spi2-atk/2.0 -I/usr/include/at-spi-2.0 -I/usr/include/dbus-1.0 -I/usr/lib/x86_64-linux-gnu/dbus-1.0/include -I/usr/include/xfce4/libxfce4ui-2 -pthread -I/usr/include/xfce4 
configure:16542: checking GARCON_GTK3_LIBS
configure:16545: result: -lgarcon-gtk3-1 -lgarcon-1 -lgthread-2.0 -pthread -lglib-2.0 -lxfce4ui-2 -lgtk-3 -lgdk-3 -lz -lpangocairo-1.0 -lpango-1.0 -lharfbuzz -latk-1.0 -lcairo-gobject -lcairo -lgdk_pixbuf-2.0 -lgio-2.0 -lgobject-2.0 -lxfce4util -lglib-2.0 
configure:16657: checking for pkg-config
configure:16692: result: /usr/bin/pkg-config
configure:16717: checking pkg-config is at least version 0.9.0
configure:16720: result: yes
configure:16742: checking for libxfce4ui-2 >= 4.17.1
configure:16746: result: 4.18.4
configure:16749: checking LIBXFCE4UI_CFLAGS
configure:16752: result: -I/usr/include/xfce4/libxfce4ui-2 -I/usr/include/gtk-3.0 -I/usr/include/pango-1.0 -I/usr/include/glib-2.0 -I/usr/lib/x86_64-linux-gnu/glib-2.0/include -I/usr/include/harfbuzz -I/usr/include/freetype2 -I/usr/include/libpng16 -I/usr/include/libmount -I/usr/include/blkid -I/usr/include/fribidi -I/usr/include/cairo -I/usr/include/pixman-1 -I/usr/include/gdk-pixbuf-2.0 -I/usr/include/x86_64-linux-gnu -I/usr/include/webp -I/usr/include/gio-unix-2.0 -I/usr/include/atk-1.0 -I/usr/include/at-spi2-atk/2.0 -I/usr/include/at-spi-2.0 -I/usr/include/dbus-1.0 -I/usr/lib/x86_64-linux-gnu/dbus-1.0/include -pthread -I/usr/include/xfce4 
configure:16755: checking LIBXFCE4UI_LIBS
configure:16758: result: -lxfce4ui-2 -lgtk-3 -lgdk-3 -lz -lpangocairo-1.0 -lpango-1.0 -lharfbuzz -latk-1.0 -lcairo-gobject -lcairo -lgdk_pixbuf-2.0 -lgio-2.0 -lgobject-2.0 -lxfce4util -lglib-2.0 
configure:16870: checking for pkg-config
configure:16905: result: /usr/bin/pkg-config
configure:16930: checking pkg-config is at least version 0.9.0
configure:16933: result: yes
configure:16955: checking for libxfconf-0 >= 4.13.2
configure:16959: result: 4.18.1
configure:16962: checking XFCONF_CFLAGS
configure:16965: result: -I/usr/include/xfce4/xfconf-0 -I/usr/include/glib-2.0 -I/usr/lib/x86_64-linux-gnu/glib-2.0/include -pthread -I/usr/include/libmount -I/usr/include/blkid 
configure:16968: checking XFCONF_LIBS
configure:16971: result: -lxfconf-0 -lgio-2.0 -lgobject-2.0 -lglib-2.0 
configure:17083: checking for pkg-config
configure:17118: result: /usr/bin/pkg-config
configure:17143: checking pkg-config is at least version 0.9.0
configure:17146: result: yes
configure:17168: checking for gtk+-3.0 >= 3.24.0
configure:17172: result: 3.24.41
configure:17175: checking GTK_CFLAGS
configure:17178: result: -I/usr/include/gtk-3.0 -I/usr/include/pango-1.0 -I/usr/include/glib-2.0 -I/usr/lib/x86_64-linux-gnu/glib-2.0/include -I/usr/include/harfbuzz -I/usr/include/freetype2 -I/usr/include/libpng16 -I/usr/include/libmount -I/usr/include/blkid -I/usr/include/fribidi -I/usr/include/cairo -I/usr/include/pixman-1 -I/usr/include/gdk-pixbuf-2.0 -I/usr/include/x86_64-linux-gnu -I/usr/include/webp -I/usr/include/gio-unix-2.0 -I/usr/include/atk-1.0 -I/usr/include/at-spi2-atk/2.0 -I/usr/include/at-spi-2.0 -I/usr/include/dbus-1.0 -I/usr/lib/x86_64-linux-gnu/dbus-1.0/include -pthread 
configure:17181: checking GTK_LIBS
configure:17184: result: -lgtk-3 -lgdk-3 -lz -lpangocairo-1.0 -lpango-1.0 -lharfbuzz -latk-1.0 -lcairo-gobject -lcairo -lgdk_pixbuf-2.0 -lgio-2.0 -lgobject-2.0 -lglib-2.0 
configure:17296: checking for pkg-config
configure:17331: result: /usr/bin/pkg-config
configure:17356: checking pkg-config is at least version 0.9.0
configure:17359: result: yes
configure:17381: checking for exo-2 >= 0.11.2
configure:17385: result: 4.18.0
configure:17388: checking EXO_CFLAGS
configure:17391: result: -I/usr/include/exo-2 -I/usr/include/gtk-3.0 -I/usr/include/pango-1.0 -I/usr/include/glib-2.0 -I/usr/lib/x86_64-linux-gnu/glib-2.0/include -I/usr/include/harfbuzz -I/usr/include/freetype2 -I/usr/include/libpng16 -I/usr/include/libmount -I/usr/include/blkid -I/usr/include/fribidi -I/usr/include/cairo -I/usr/include/pixman-1 -I/usr/include/gdk-pixbuf-2.0 -I/usr/include/x86_64-linux-gnu -I/usr/include/webp -I/usr/include/gio-unix-2.0 -I/usr/include/atk-1.0 -I/usr/include/at-spi2-atk/2.0 -I/usr/include/at-spi-2.0 -I/usr/include/dbus-1.0 -I/usr/lib/x86_64-linux-gnu/dbus-1.0/include -pthread -I/usr/include/xfce4 
configure:17394: checking EXO_LIBS
configure:17397: result: -lexo-2 -lgtk-3 -lgdk-3 -lz -lpangocairo-1.0 -lpango-1.0 -lharfbuzz -latk-1.0 -lcairo-gobject -lcairo -lgdk_pixbuf-2.0 -lgio-2.0 -lgobject-2.0 -lxfce4util -lglib-2.0 
configure:17509: checking for pkg-config
configure:17544: result: /usr/bin/pkg-config
configure:17569: checking pkg-config is at least version 0.9.0
configure:17572: result: yes
configure:17594: checking for glib-2.0 >= 2.66.0
configure:17598: result: 2.80.0
configure:17601: checking GLIB_CFLAGS
configure:17604: result: -I/usr/include/glib-2.0 -I/usr/lib/x86_64-linux-gnu/glib-2.0/include 
configure:17607: checking GLIB_LIBS
configure:17610: result: -lglib-2.0 
configure:17627: setting GLIB_VERSION_MAX_ALLOWED and GLIB_VERSION_MIN_REQUIRED according to 2.66.0
configure:17734: checking for pkg-config
configure:17769: result: /usr/bin/pkg-config
configure:17794: checking pkg-config is at least version 0.9.0
configure:17797: result: yes
configure:17819: checking for gio-2.0 >= 2.66.0
configure:17823: result: 2.80.0
configure:17826: checking GIO_CFLAGS
configure:17829: result: -I/usr/include/glib-2.0 -I/usr/lib/x86_64-linux-gnu/glib-2.0/include -pthread -I/usr/include/libmount -I/usr/include/blkid 
configure:17832: checking GIO_LIBS
configure:17835: result: -lgio-2.0 -lgobject-2.0 -lglib-2.0 
configure:17884: checking for GIO_UNIX
configure:17891: $PKG_CONFIG --exists --print-errors "gio-unix-2.0 >= 2.66.0"
configure:17894: $? = 0
configure:17908: $PKG_CONFIG --exists --print-errors "gio-unix-2.0 >= 2.66.0"
configure:17911: $? = 0
configure:17969: result: yes
configure:18038: checking for pkg-config
configure:18073: result: /usr/bin/pkg-config
configure:18098: checking pkg-config is at least version 0.9.0
configure:18101: result: yes
configure:18123: checking for gmodule-2.0 >= 2.66.0
configure:18127: result: 2.80.0
configure:18130: checking GMODULE_CFLAGS
configure:18133: result: -pthread -I/usr/include/glib-2.0 -I/usr/lib/x86_64-linux-gnu/glib-2.0/include 
configure:18136: checking GMODULE_LIBS
configure:18139: result: -Wl,--export-dynamic -lgmodule-2.0 -pthread -lglib-2.0 -lglib-2.0 
configure:18251: checking for pkg-config
configure:18286: result: /usr/bin/pkg-config
configure:18311: checking pkg-config is at least version 0.9.0
configure:18314: result: yes
configure:18336: checking for cairo >= 1.16.0
configure:18340: result: 1.18.0
configure:18343: checking CAIRO_CFLAGS
configure:18346: result: -I/usr/include/cairo -I/usr/include/libpng16 -I/usr/include/freetype2 -I/usr/include/pixman-1 
configure:18349: checking CAIRO_LIBS
configure:18352: result: -lcairo 
configure:18464: checking for pkg-config
configure:18499: result: /usr/bin/pkg-config
configure:18524: checking pkg-config is at least version 0.9.0
configure:18527: result: yes
configure:18549: checking for libwnck-3.0 >= 3.0
configure:18553: result: 43.0
configure:18556: checking LIBWNCK_CFLAGS
configure:18559: result: -I/usr/include/libwnck-3.0 -I/usr/include/glib-2.0 -I/usr/lib/x86_64-linux-gnu/glib-2.0/include -I/usr/include/gtk-3.0 -I/usr/include/pango-1.0 -I/usr/include/harfbuzz -I/usr/include/freetype2 -I/usr/include/libpng16 -I/usr/include/libmount -I/usr/include/blkid -I/usr/include/fribidi -I/usr/include/cairo -I/usr/include/pixman-1 -I/usr/include/gdk-pixbuf-2.0 -I/usr/include/x86_64-linux-gnu -I/usr/include/webp -I/usr/include/gio-unix-2.0 -I/usr/include/atk-1.0 -I/usr/include/at-spi2-atk/2.0 -I/usr/include/at-spi-2.0 -I/usr/include/dbus-1.0 -I/usr/lib/x86_64-linux-gnu/dbus-1.0/include -pthread -I/usr/include/startup-notification-1.0 
configure:18562: checking LIBWNCK_LIBS
configure:18565: result: -lwnck-3 -lgtk-3 -lgdk-3 -lz -lpangocairo-1.0 -lpango-1.0 -lharfbuzz -latk-1.0 -lcairo-gobject -lcairo -lgdk_pixbuf-2.0 -lgio-2.0 -lgobject-2.0 -lglib-2.0 
configure:18846: checking for optional package dbusmenu-gtk3-0.4 >= 16.04.0
configure:18848: result: not found
configure:18947: checking for pkg-config
configure:18982: result: /usr/bin/pkg-config
configure:19007: checking pkg-config is at least version 0.9.0
configure:19010: result: yes
configure:19032: checking for gio-unix-2.0 >= 2.66.0
configure:19036: result: 2.80.0
configure:19039: checking GIO_UNIX_CFLAGS
configure:19042: result: -I/usr/include/gio-unix-2.0 -I/usr/include/glib-2.0 -I/usr/lib/x86_64-linux-gnu/glib-2.0/include -pthread -I/usr/include/libmount -I/usr/include/blkid 
configure:19045: checking GIO_UNIX_LIBS
configure:19048: result: -lgio-2.0 -lgobject-2.0 -lglib-2.0 
configure:19135: checking for gobject-introspection
configure:19166: $PKG_CONFIG --exists --print-errors "gobject-introspection-1.0 >= 1.66.0"
configure:19169: $? = 0
configure:19181: result: yes
configure:19411: checking for pkg-config
configure:19446: result: /usr/bin/pkg-config
configure:19471: checking pkg-config is at least version 0.9.0
configure:19474: result: yes
configure:19484: $PKG_CONFIG --exists --print-errors "$vapigen_pkg"
Package vapigen was not found in the pkg-config search path.
Perhaps you should add the directory containing `vapigen.pc'
to the PKG_CONFIG_PATH environment variable
Package 'vapigen', required by 'virtual:world', not found
configure:19487: $? = 1
configure:19514: checking for vapigen
configure:19537: result: no
configure:19558: checking for gtk-doc
configure:19561: $PKG_CONFIG --exists --print-errors "$gtk_doc_requires"
configure:19564: $? = 0
configure:19570: result: yes
configure:19584: checking for gtkdoc-check
configure:19605: found /usr/bin/gtkdoc-check
configure:19616: result: gtkdoc-check.test
configure:19626: checking for gtkdoc-check
configure:19649: found /usr/bin/gtkdoc-check
configure:19661: result: /usr/bin/gtkdoc-check
configure:19673: checking for gtkdoc-rebase
configure:19696: found /usr/bin/gtkdoc-rebase
configure:19708: result: /usr/bin/gtkdoc-rebase
configure:19722: checking for gtkdoc-mkpdf
configure:19745: found /usr/bin/gtkdoc-mkpdf
configure:19757: result: /usr/bin/gtkdoc-mkpdf
configure:19787: checking whether to build gtk-doc documentation
configure:19789: result: no
configure:19802: checking for GTKDOC_DEPS
configure:19809: $PKG_CONFIG --exists --print-errors "glib-2.0 >= 2.10.0 gobject-2.0  >= 2.10.0"
configure:19812: $? = 0
configure:19826: $PKG_CONFIG --exists --print-errors "glib-2.0 >= 2.10.0 gobject-2.0  >= 2.10.0"
configure:19829: $? = 0
configure:19867: result: yes
configure:19968: checking whether to build with debugging support
configure:20003: result: minimum
configure:20015: checking if gcc supports -Wall
configure:20023: gcc -c -I/tmp/extracted/usr/include  -Wall  -DNDEBUG conftest.c >&5
configure:20023: $? = 0
configure:20031: result: yes
configure:20015: checking if gcc supports -Wextra
configure:20023: gcc -c -I/tmp/extracted/usr/include  -Wextra  -DNDEBUG conftest.c >&5
configure:20023: $? = 0
configure:20031: result: yes
configure:20015: checking if gcc supports -Wno-missing-field-initializers
configure:20023: gcc -c -I/tmp/extracted/usr/include  -Wno-missing-field-initializers  -DNDEBUG conftest.c >&5
configure:20023: $? = 0
configure:20031: result: yes
configure:20015: checking if gcc supports -Wno-unused-parameter
configure:20023: gcc -c -I/tmp/extracted/usr/include  -Wno-unused-parameter  -DNDEBUG conftest.c >&5
configure:20023: $? = 0
configure:20031: result: yes
configure:20015: checking if gcc supports -Wmissing-declarations
configure:20023: gcc -c -I/tmp/extracted/usr/include  -Wmissing-declarations  -DNDEBUG conftest.c >&5
configure:20023: $? = 0
configure:20031: result: yes
configure:20015: checking if gcc supports -Wmissing-noreturn
configure:20023: gcc -c -I/tmp/extracted/usr/include  -Wmissing-noreturn  -DNDEBUG conftest.c >&5
configure:20023: $? = 0
configure:20031: result: yes
configure:20015: checking if gcc supports -Wpointer-arith
configure:20023: gcc -c -I/tmp/extracted/usr/include  -Wpointer-arith  -DNDEBUG conftest.c >&5
configure:20023: $? = 0
configure:20031: result: yes
configure:20015: checking if gcc supports -Wcast-align
configure:20023: gcc -c -I/tmp/extracted/usr/include  -Wcast-align  -DNDEBUG conftest.c >&5
configure:20023: $? = 0
configure:20031: result: yes
configure:20015: checking if gcc supports -Wformat
configure:20023: gcc -c -I/tmp/extracted/usr/include  -Wformat  -DNDEBUG conftest.c >&5
configure:20023: $? = 0
configure:20031: result: yes
configure:20015: checking if gcc supports -Wformat-security
configure:20023: gcc -c -I/tmp/extracted/usr/include  -Wformat-security  -DNDEBUG conftest.c >&5
configure:20023: $? = 0
configure:20031: result: yes
configure:20015: checking if gcc supports -Wformat-y2k
configure:20023: gcc -c -I/tmp/extracted/usr/include  -Wformat-y2k  -DNDEBUG conftest.c >&5
configure:20023: $? = 0
configure:20031: result: yes
configure:20015: checking if gcc supports -Winit-self
configure:20023: gcc -c -I/tmp/extracted/usr/include  -Winit-self  -DNDEBUG conftest.c >&5
configure:20023: $? = 0
configure:20031: result: yes
configure:20015: checking if gcc supports -Wmissing-include-dirs
configure:20023: gcc -c -I/tmp/extracted/usr/include  -Wmissing-include-dirs  -DNDEBUG conftest.c >&5
configure:20023: $? = 0
configure:20031: result: yes
configure:20015: checking if gcc supports -Wundef
configure:20023: gcc -c -I/tmp/extracted/usr/include  -Wundef  -DNDEBUG conftest.c >&5
configure:20023: $? = 0
configure:20031: result: yes
configure:20015: checking if gcc supports -Wredundant-decls
configure:20023: gcc -c -I/tmp/extracted/usr/include  -Wredundant-decls  -DNDEBUG conftest.c >&5
configure:20023: $? = 0
configure:20031: result: yes
configure:20015: checking if gcc supports -Wshadow
configure:20023: gcc -c -I/tmp/extracted/usr/include  -Wshadow  -DNDEBUG conftest.c >&5
configure:20023: $? = 0
configure:20031: result: yes
configure:20015: checking if gcc supports -Wnested-externs
configure:20023: gcc -c -I/tmp/extracted/usr/include  -Wnested-externs  -DNDEBUG conftest.c >&5
configure:20023: $? = 0
configure:20031: result: yes
configure:20015: checking if gcc supports -Wold-style-definition
configure:20023: gcc -c -I/tmp/extracted/usr/include  -Wold-style-definition  -DNDEBUG conftest.c >&5
configure:20023: $? = 0
configure:20031: result: yes
configure:20041: checking if gcc supports -Wall
configure:20049: gcc -c -I/tmp/extracted/usr/include  -Wall  -DNDEBUG conftest.c >&5
configure:20049: $? = 0
configure:20057: result: yes
configure:20041: checking if gcc supports -Wextra
configure:20049: gcc -c -I/tmp/extracted/usr/include  -Wextra  -DNDEBUG conftest.c >&5
configure:20049: $? = 0
configure:20057: result: yes
configure:20041: checking if gcc supports -Wno-missing-field-initializers
configure:20049: gcc -c -I/tmp/extracted/usr/include  -Wno-missing-field-initializers  -DNDEBUG conftest.c >&5
configure:20049: $? = 0
configure:20057: result: yes
configure:20041: checking if gcc supports -Wno-unused-parameter
configure:20049: gcc -c -I/tmp/extracted/usr/include  -Wno-unused-parameter  -DNDEBUG conftest.c >&5
configure:20049: $? = 0
configure:20057: result: yes
configure:20041: checking if gcc supports -Wmissing-declarations
configure:20049: gcc -c -I/tmp/extracted/usr/include  -Wmissing-declarations  -DNDEBUG conftest.c >&5
configure:20049: $? = 0
configure:20057: result: yes
configure:20041: checking if gcc supports -Wmissing-noreturn
configure:20049: gcc -c -I/tmp/extracted/usr/include  -Wmissing-noreturn  -DNDEBUG conftest.c >&5
configure:20049: $? = 0
configure:20057: result: yes
configure:20041: checking if gcc supports -Wpointer-arith
configure:20049: gcc -c -I/tmp/extracted/usr/include  -Wpointer-arith  -DNDEBUG conftest.c >&5
configure:20049: $? = 0
configure:20057: result: yes
configure:20041: checking if gcc supports -Wcast-align
configure:20049: gcc -c -I/tmp/extracted/usr/include  -Wcast-align  -DNDEBUG conftest.c >&5
configure:20049: $? = 0
configure:20057: result: yes
configure:20041: checking if gcc supports -Wformat
configure:20049: gcc -c -I/tmp/extracted/usr/include  -Wformat  -DNDEBUG conftest.c >&5
configure:20049: $? = 0
configure:20057: result: yes
configure:20041: checking if gcc supports -Wformat-security
configure:20049: gcc -c -I/tmp/extracted/usr/include  -Wformat-security  -DNDEBUG conftest.c >&5
configure:20049: $? = 0
configure:20057: result: yes
configure:20041: checking if gcc supports -Wformat-y2k
configure:20049: gcc -c -I/tmp/extracted/usr/include  -Wformat-y2k  -DNDEBUG conftest.c >&5
configure:20049: $? = 0
configure:20057: result: yes
configure:20041: checking if gcc supports -Winit-self
configure:20049: gcc -c -I/tmp/extracted/usr/include  -Winit-self  -DNDEBUG conftest.c >&5
configure:20049: $? = 0
configure:20057: result: yes
configure:20041: checking if gcc supports -Wmissing-include-dirs
configure:20049: gcc -c -I/tmp/extracted/usr/include  -Wmissing-include-dirs  -DNDEBUG conftest.c >&5
configure:20049: $? = 0
configure:20057: result: yes
configure:20041: checking if gcc supports -Wundef
configure:20049: gcc -c -I/tmp/extracted/usr/include  -Wundef  -DNDEBUG conftest.c >&5
configure:20049: $? = 0
configure:20057: result: yes
configure:20041: checking if gcc supports -Wredundant-decls
configure:20049: gcc -c -I/tmp/extracted/usr/include  -Wredundant-decls  -DNDEBUG conftest.c >&5
configure:20049: $? = 0
configure:20057: result: yes
configure:20041: checking if gcc supports -Wshadow
configure:20049: gcc -c -I/tmp/extracted/usr/include  -Wshadow  -DNDEBUG conftest.c >&5
configure:20049: $? = 0
configure:20057: result: yes
configure:20082: checking whether /usr/bin/ld -m elf_x86_64 accepts --as-needed
configure:20087: result: yes
configure:20096: checking whether /usr/bin/ld -m elf_x86_64 accepts -O1
configure:20101: result: yes
configure:20124: checking whether gcc supports the GNUC visibility attribute
configure:20138: gcc -c -I/tmp/extracted/usr/include   -Wall -Wextra -Wno-missing-field-initializers -Wno-unused-parameter -Wmissing-declarations -Wmissing-noreturn -Wpointer-arith -Wcast-align -Wformat -Wformat-security -Wformat-y2k -Winit-self -Wmissing-include-dirs -Wundef -Wredundant-decls -Wshadow -Wnested-externs -Wold-style-definition -Wall -Werror  -DNDEBUG conftest.c >&5
configure:20138: $? = 0
configure:20142: result: yes
configure:20168: checking if gcc supports -Wno-sign-compare
configure:20176: gcc -c -I/tmp/extracted/usr/include   -Wall -Wextra -Wno-missing-field-initializers -Wno-unused-parameter -Wmissing-declarations -Wmissing-noreturn -Wpointer-arith -Wcast-align -Wformat -Wformat-security -Wformat-y2k -Winit-self -Wmissing-include-dirs -Wundef -Wredundant-decls -Wshadow -Wnested-externs -Wold-style-definition -Wno-sign-compare  -DNDEBUG -DHAVE_GNUC_VISIBILITY conftest.c >&5
configure:20176: $? = 0
configure:20184: result: yes
configure:20194: checking PLATFORM_CPPFLAGS
configure:20196: result: 
configure:20199: checking PLATFORM_CFLAGS
configure:20201: result: 
configure:20204: checking PLATFORM_LDFLAGS
configure:20206: result: 
configure:20313: checking that generated files are newer than configure
configure:20319: result: done
configure:20398: creating ./config.status

## ---------------------- ##
## Running config.status. ##
## ---------------------- ##

This file was extended by xfce4-panel config.status 4.18.4, which was
generated by GNU Autoconf 2.71.  Invocation command line was

  CONFIG_FILES    = 
  CONFIG_HEADERS  = 
  CONFIG_LINKS    = 
  CONFIG_COMMANDS = 
  $ ./config.status 

on mehran-B450-AORUS-ELITE

config.status:1379: creating Makefile
config.status:1379: creating common/Makefile
config.status:1379: creating docs/Makefile
config.status:1379: creating docs/reference/Makefile
config.status:1379: creating icons/Makefile
config.status:1379: creating icons/16x16/Makefile
config.status:1379: creating icons/24x24/Makefile
config.status:1379: creating icons/32x32/Makefile
config.status:1379: creating icons/48x48/Makefile
config.status:1379: creating icons/64x64/Makefile
config.status:1379: creating icons/96x96/Makefile
config.status:1379: creating icons/128x128/Makefile
config.status:1379: creating icons/scalable/Makefile
config.status:1379: creating libxfce4panel/Makefile
config.status:1379: creating libxfce4panel/libxfce4panel-2.0.pc
config.status:1379: creating libxfce4panel/libxfce4panel-config.h
config.status:1379: creating migrate/Makefile
config.status:1379: creating migrate/default.xml
config.status:1379: creating panel/Makefile
config.status:1379: creating wrapper/Makefile
config.status:1379: creating plugins/Makefile
config.status:1379: creating plugins/actions/Makefile
config.status:1379: creating plugins/actions/actions.desktop.in
config.status:1379: creating plugins/applicationsmenu/Makefile
config.status:1379: creating plugins/applicationsmenu/applicationsmenu.desktop.in
config.status:1379: creating plugins/clock/Makefile
config.status:1379: creating plugins/clock/clock.desktop.in
config.status:1379: creating plugins/directorymenu/Makefile
config.status:1379: creating plugins/directorymenu/directorymenu.desktop.in
config.status:1379: creating plugins/launcher/Makefile
config.status:1379: creating plugins/launcher/launcher.desktop.in
config.status:1379: creating plugins/pager/Makefile
config.status:1379: creating plugins/pager/pager.desktop.in
config.status:1379: creating plugins/separator/Makefile
config.status:1379: creating plugins/separator/separator.desktop.in
config.status:1379: creating plugins/showdesktop/Makefile
config.status:1379: creating plugins/showdesktop/showdesktop.desktop.in
config.status:1379: creating plugins/systray/Makefile
config.status:1379: creating plugins/systray/systray.desktop.in
config.status:1379: creating plugins/tasklist/Makefile
config.status:1379: creating plugins/tasklist/tasklist.desktop.in
config.status:1379: creating plugins/windowmenu/Makefile
config.status:1379: creating plugins/windowmenu/windowmenu.desktop.in
config.status:1379: creating po/Makefile.in
config.status:1379: creating config.h
config.status:1608: executing depfiles commands
config.status:1685: cd common       && sed -e '/# am--include-marker/d' Makefile         | make -f - am--depfiles
config.status:1690: $? = 0
config.status:1685: cd libxfce4panel       && sed -e '/# am--include-marker/d' Makefile         | make -f - am--depfiles
config.status:1690: $? = 0
config.status:1685: cd migrate       && sed -e '/# am--include-marker/d' Makefile         | make -f - am--depfiles
config.status:1690: $? = 0
config.status:1685: cd panel       && sed -e '/# am--include-marker/d' Makefile         | make -f - am--depfiles
config.status:1690: $? = 0
config.status:1685: cd wrapper       && sed -e '/# am--include-marker/d' Makefile         | make -f - am--depfiles
config.status:1690: $? = 0
config.status:1685: cd plugins/actions       && sed -e '/# am--include-marker/d' Makefile         | make -f - am--depfiles
config.status:1690: $? = 0
config.status:1685: cd plugins/applicationsmenu       && sed -e '/# am--include-marker/d' Makefile         | make -f - am--depfiles
config.status:1690: $? = 0
config.status:1685: cd plugins/clock       && sed -e '/# am--include-marker/d' Makefile         | make -f - am--depfiles
config.status:1690: $? = 0
config.status:1685: cd plugins/directorymenu       && sed -e '/# am--include-marker/d' Makefile         | make -f - am--depfiles
config.status:1690: $? = 0
config.status:1685: cd plugins/launcher       && sed -e '/# am--include-marker/d' Makefile         | make -f - am--depfiles
config.status:1690: $? = 0
config.status:1685: cd plugins/pager       && sed -e '/# am--include-marker/d' Makefile         | make -f - am--depfiles
config.status:1690: $? = 0
config.status:1685: cd plugins/separator       && sed -e '/# am--include-marker/d' Makefile         | make -f - am--depfiles
config.status:1690: $? = 0
config.status:1685: cd plugins/showdesktop       && sed -e '/# am--include-marker/d' Makefile         | make -f - am--depfiles
config.status:1690: $? = 0
config.status:1685: cd plugins/systray       && sed -e '/# am--include-marker/d' Makefile         | make -f - am--depfiles
config.status:1690: $? = 0
config.status:1685: cd plugins/tasklist       && sed -e '/# am--include-marker/d' Makefile         | make -f - am--depfiles
config.status:1690: $? = 0
config.status:1685: cd plugins/windowmenu       && sed -e '/# am--include-marker/d' Makefile         | make -f - am--depfiles
config.status:1690: $? = 0
config.status:1608: executing libtool commands
config.status:1608: executing po/stamp-it commands

## ---------------- ##
## Cache variables. ##
## ---------------- ##

ac_cv_build=x86_64-pc-linux-gnu
ac_cv_c_compiler_gnu=yes
ac_cv_env_CC_set=
ac_cv_env_CC_value=
ac_cv_env_CFLAGS_set=set
ac_cv_env_CFLAGS_value='-I/tmp/extracted/usr/include '
ac_cv_env_CPPFLAGS_set=
ac_cv_env_CPPFLAGS_value=
ac_cv_env_CPP_set=
ac_cv_env_CPP_value=
ac_cv_env_GDBUS_CODEGEN_set=
ac_cv_env_GDBUS_CODEGEN_value=
ac_cv_env_GIO_UNIX_CFLAGS_set=
ac_cv_env_GIO_UNIX_CFLAGS_value=
ac_cv_env_GIO_UNIX_LIBS_set=
ac_cv_env_GIO_UNIX_LIBS_value=
ac_cv_env_GTKDOC_DEPS_CFLAGS_set=
ac_cv_env_GTKDOC_DEPS_CFLAGS_value=
ac_cv_env_GTKDOC_DEPS_LIBS_set=
ac_cv_env_GTKDOC_DEPS_LIBS_value=
ac_cv_env_LDFLAGS_set=
ac_cv_env_LDFLAGS_value=
ac_cv_env_LIBS_set=
ac_cv_env_LIBS_value=
ac_cv_env_LT_SYS_LIBRARY_PATH_set=
ac_cv_env_LT_SYS_LIBRARY_PATH_value=
ac_cv_env_PKG_CONFIG_LIBDIR_set=
ac_cv_env_PKG_CONFIG_LIBDIR_value=
ac_cv_env_PKG_CONFIG_PATH_set=set
ac_cv_env_PKG_CONFIG_PATH_value=/tmp/extracted/usr/lib/x86_64-linux-gnu/pkgconfig:
ac_cv_env_PKG_CONFIG_set=
ac_cv_env_PKG_CONFIG_value=
ac_cv_env_XMKMF_set=
ac_cv_env_XMKMF_value=
ac_cv_env_build_alias_set=
ac_cv_env_build_alias_value=
ac_cv_env_host_alias_set=
ac_cv_env_host_alias_value=
ac_cv_env_target_alias_set=
ac_cv_env_target_alias_value=
ac_cv_func_bind_textdomain_codeset=yes
ac_cv_func_connect=yes
ac_cv_func_gethostbyname=yes
ac_cv_func_remove=yes
ac_cv_func_shmat=yes
ac_cv_have_x='have_x=yes	ac_x_includes='\'''\''	ac_x_libraries='\'''\'''
ac_cv_header_dlfcn_h=yes
ac_cv_header_errno_h=yes
ac_cv_header_inttypes_h=yes
ac_cv_header_libintl_h=yes
ac_cv_header_locale_h=yes
ac_cv_header_math_h=yes
ac_cv_header_memory_h=yes
ac_cv_header_minix_config_h=no
ac_cv_header_signal_h=yes
ac_cv_header_stdint_h=yes
ac_cv_header_stdio_h=yes
ac_cv_header_stdlib_h=yes
ac_cv_header_string_h=yes
ac_cv_header_strings_h=yes
ac_cv_header_sys_prctl_h=yes
ac_cv_header_sys_stat_h=yes
ac_cv_header_sys_types_h=yes
ac_cv_header_sys_wait_h=yes
ac_cv_header_time_h=yes
ac_cv_header_unistd_h=yes
ac_cv_header_wchar_h=yes
ac_cv_host=x86_64-pc-linux-gnu
ac_cv_lib_ICE_IceConnectionNumber=yes
ac_cv_lib_X11_main=yes
ac_cv_objext=o
ac_cv_path_EGREP='/usr/bin/grep -E'
ac_cv_path_FGREP='/usr/bin/grep -F'
ac_cv_path_GDBUS_CODEGEN=/usr/bin/gdbus-codegen
ac_cv_path_GMSGFMT=/usr/bin/msgfmt
ac_cv_path_GREP=/usr/bin/grep
ac_cv_path_GTKDOC_CHECK_PATH=/usr/bin/gtkdoc-check
ac_cv_path_GTKDOC_MKPDF=/usr/bin/gtkdoc-mkpdf
ac_cv_path_GTKDOC_REBASE=/usr/bin/gtkdoc-rebase
ac_cv_path_INTLTOOL_EXTRACT=/usr/bin/intltool-extract
ac_cv_path_INTLTOOL_MERGE=/usr/bin/intltool-merge
ac_cv_path_INTLTOOL_PERL=/usr/bin/perl
ac_cv_path_INTLTOOL_UPDATE=/usr/bin/intltool-update
ac_cv_path_MSGFMT=/usr/bin/msgfmt
ac_cv_path_MSGMERGE=/usr/bin/msgmerge
ac_cv_path_SED=/usr/bin/sed
ac_cv_path_XGETTEXT=/usr/bin/xgettext
ac_cv_path_ac_pt_PKG_CONFIG=/usr/bin/pkg-config
ac_cv_path_install='/usr/bin/install -c'
ac_cv_path_lt_DD=/usr/bin/dd
ac_cv_path_mkdir=/usr/bin/mkdir
ac_cv_prog_AWK=mawk
ac_cv_prog_CPP='gcc -E'
ac_cv_prog_GTKDOC_CHECK=gtkdoc-check.test
ac_cv_prog_PERL=perl
ac_cv_prog_ac_ct_AR=ar
ac_cv_prog_ac_ct_CC=gcc
ac_cv_prog_ac_ct_FILECMD=file
ac_cv_prog_ac_ct_MANIFEST_TOOL=mt
ac_cv_prog_ac_ct_OBJDUMP=objdump
ac_cv_prog_ac_ct_RANLIB=ranlib
ac_cv_prog_ac_ct_STRIP=strip
ac_cv_prog_cc_c11=
ac_cv_prog_cc_g=yes
ac_cv_prog_cc_stdc=
ac_cv_prog_make_make_set=yes
ac_cv_safe_to_define___extensions__=yes
ac_cv_should_define__xopen_source=no
am_cv_CC_dependencies_compiler_type=gcc3
am_cv_make_support_nested_variables=yes
am_cv_prog_cc_c_o=yes
am_cv_prog_tar_ustar=gnutar
lt_cv_ar_at_file=@
lt_cv_archive_cmds_need_lc=no
lt_cv_deplibs_check_method=pass_all
lt_cv_file_magic_cmd='$MAGIC_CMD'
lt_cv_file_magic_test_file=
lt_cv_ld_reload_flag=-r
lt_cv_nm_interface='BSD nm'
lt_cv_objdir=.libs
lt_cv_path_LD=/usr/bin/ld
lt_cv_path_NM='/usr/bin/nm -B'
lt_cv_path_mainfest_tool=no
lt_cv_prog_compiler_c_o=yes
lt_cv_prog_compiler_pic='-fPIC -DPIC'
lt_cv_prog_compiler_pic_works=yes
lt_cv_prog_compiler_rtti_exceptions=no
lt_cv_prog_compiler_static_works=yes
lt_cv_prog_gnu_ld=yes
lt_cv_sharedlib_from_linklib_cmd='printf %s\n'
lt_cv_shlibpath_overrides_runpath=yes
lt_cv_sys_global_symbol_pipe='/usr/bin/sed -n -e '\''s/^.*[	 ]\([ABCDGIRSTW][ABCDGIRSTW]*\)[	 ][	 ]*\([_A-Za-z][_A-Za-z0-9]*\)$/\1 \2 \2/p'\'' | /usr/bin/sed '\''/ __gnu_lto/d'\'''
lt_cv_sys_global_symbol_to_c_name_address='/usr/bin/sed -n -e '\''s/^: \(.*\) .*$/  {"\1", (void *) 0},/p'\'' -e '\''s/^[ABCDGIRSTW][ABCDGIRSTW]* .* \(.*\)$/  {"\1", (void *) \&\1},/p'\'''
lt_cv_sys_global_symbol_to_c_name_address_lib_prefix='/usr/bin/sed -n -e '\''s/^: \(.*\) .*$/  {"\1", (void *) 0},/p'\'' -e '\''s/^[ABCDGIRSTW][ABCDGIRSTW]* .* \(lib.*\)$/  {"\1", (void *) \&\1},/p'\'' -e '\''s/^[ABCDGIRSTW][ABCDGIRSTW]* .* \(.*\)$/  {"lib\1", (void *) \&\1},/p'\'''
lt_cv_sys_global_symbol_to_cdecl='/usr/bin/sed -n -e '\''s/^T .* \(.*\)$/extern int \1();/p'\'' -e '\''s/^[ABCDGIRSTW][ABCDGIRSTW]* .* \(.*\)$/extern char \1;/p'\'''
lt_cv_sys_global_symbol_to_import=
lt_cv_sys_max_cmd_len=1572864
lt_cv_to_host_file_cmd=func_convert_file_noop
lt_cv_to_tool_file_cmd=func_convert_file_noop
lt_cv_truncate_bin='/usr/bin/dd bs=4096 count=1'
pkg_cv_GIO_UNIX_CFLAGS='-I/usr/include/gio-unix-2.0 -I/usr/include/glib-2.0 -I/usr/lib/x86_64-linux-gnu/glib-2.0/include -pthread -I/usr/include/libmount -I/usr/include/blkid '
pkg_cv_GIO_UNIX_LIBS='-lgio-2.0 -lgobject-2.0 -lglib-2.0 '
pkg_cv_GTKDOC_DEPS_CFLAGS='-I/usr/include/glib-2.0 -I/usr/lib/x86_64-linux-gnu/glib-2.0/include '
pkg_cv_GTKDOC_DEPS_LIBS='-lgobject-2.0 -lglib-2.0 '
xdt_cv_DBUSMENU_check=yes
xdt_cv_GIO_UNIX_check=yes
xdt_cv_PKG_CONFIG_MIN_VERSION=0.9.0
xdt_cv_additional_CFLAGS='-Wall -Wextra                                   -Wno-missing-field-initializers                                   -Wno-unused-parameter                                   -Wmissing-declarations                                   -Wmissing-noreturn -Wpointer-arith                                   -Wcast-align -Wformat -Wformat-security -Wformat-y2k                                   -Winit-self -Wmissing-include-dirs -Wundef                                   -Wredundant-decls -Wshadow                             -Wnested-externs                             -Wold-style-definition'
xdt_cv_additional_COMMON_FLAGS='-Wall -Wextra                                   -Wno-missing-field-initializers                                   -Wno-unused-parameter                                   -Wmissing-declarations                                   -Wmissing-noreturn -Wpointer-arith                                   -Wcast-align -Wformat -Wformat-security -Wformat-y2k                                   -Winit-self -Wmissing-include-dirs -Wundef                                   -Wredundant-decls -Wshadow'
xdt_cv_additional_CXXFLAGS='-Wall -Wextra                                   -Wno-missing-field-initializers                                   -Wno-unused-parameter                                   -Wmissing-declarations                                   -Wmissing-noreturn -Wpointer-arith                                   -Wcast-align -Wformat -Wformat-security -Wformat-y2k                                   -Winit-self -Wmissing-include-dirs -Wundef                                   -Wredundant-decls -Wshadow'

## ----------------- ##
## Output variables. ##
## ----------------- ##

ACLOCAL='${SHELL} '\''/tmp/xfce4-panel-4.18.4/missing'\'' aclocal-1.16'
ALL_LINGUAS='am ar ast be bg bn ca cs da de el en_AU en_GB eo es et eu fi fr gl he hr hu hy_AM hye id ie is it ja ka kk ko lt lv ms nb nl nn oc pa pl pt pt_BR ro ru si sk sl sq sr sv te th tr ug uk ur ur_PK vi zh_CN zh_HK zh_TW'
AMDEPBACKSLASH='\'
AMDEP_FALSE='#'
AMDEP_TRUE=''
AMTAR='$${TAR-tar}'
AM_BACKSLASH='\'
AM_DEFAULT_V='$(AM_DEFAULT_VERBOSITY)'
AM_DEFAULT_VERBOSITY='0'
AM_V='$(V)'
AR='ar'
AUTOCONF='${SHELL} '\''/tmp/xfce4-panel-4.18.4/missing'\'' autoconf'
AUTOHEADER='${SHELL} '\''/tmp/xfce4-panel-4.18.4/missing'\'' autoheader'
AUTOMAKE='${SHELL} '\''/tmp/xfce4-panel-4.18.4/missing'\'' automake-1.16'
AWK='mawk'
CAIRO_CFLAGS='-I/usr/include/cairo -I/usr/include/libpng16 -I/usr/include/freetype2 -I/usr/include/pixman-1 '
CAIRO_LIBS='-lcairo '
CAIRO_REQUIRED_VERSION='1.16.0'
CAIRO_VERSION='1.18.0'
CC='gcc'
CCDEPMODE='depmode=gcc3'
CFLAGS='-I/tmp/extracted/usr/include   -Wall -Wextra -Wno-missing-field-initializers -Wno-unused-parameter -Wmissing-declarations -Wmissing-noreturn -Wpointer-arith -Wcast-align -Wformat -Wformat-security -Wformat-y2k -Winit-self -Wmissing-include-dirs -Wundef -Wredundant-decls -Wshadow -Wnested-externs -Wold-style-definition'
CPP='gcc -E'
CPPFLAGS=' -DNDEBUG -DHAVE_GNUC_VISIBILITY'
CSCOPE='cscope'
CTAGS='ctags'
CYGPATH_W='echo'
DBUSMENU_CFLAGS=''
DBUSMENU_LIBS=''
DBUSMENU_REQUIRED_VERSION=''
DBUSMENU_VERSION=''
DEFS='-DHAVE_CONFIG_H'
DEPDIR='.deps'
DLLTOOL='false'
DSYMUTIL=''
DUMPBIN=''
ECHO_C=''
ECHO_N='-n'
ECHO_T=''
EGREP='/usr/bin/grep -E'
ENABLE_GTK_DOC_FALSE=''
ENABLE_GTK_DOC_TRUE='#'
ENABLE_VAPIGEN_FALSE=''
ENABLE_VAPIGEN_TRUE='#'
ETAGS='etags'
EXEEXT=''
EXO_CFLAGS='-I/usr/include/exo-2 -I/usr/include/gtk-3.0 -I/usr/include/pango-1.0 -I/usr/include/glib-2.0 -I/usr/lib/x86_64-linux-gnu/glib-2.0/include -I/usr/include/harfbuzz -I/usr/include/freetype2 -I/usr/include/libpng16 -I/usr/include/libmount -I/usr/include/blkid -I/usr/include/fribidi -I/usr/include/cairo -I/usr/include/pixman-1 -I/usr/include/gdk-pixbuf-2.0 -I/usr/include/x86_64-linux-gnu -I/usr/include/webp -I/usr/include/gio-unix-2.0 -I/usr/include/atk-1.0 -I/usr/include/at-spi2-atk/2.0 -I/usr/include/at-spi-2.0 -I/usr/include/dbus-1.0 -I/usr/lib/x86_64-linux-gnu/dbus-1.0/include -pthread -I/usr/include/xfce4 '
EXO_LIBS='-lexo-2 -lgtk-3 -lgdk-3 -lz -lpangocairo-1.0 -lpango-1.0 -lharfbuzz -latk-1.0 -lcairo-gobject -lcairo -lgdk_pixbuf-2.0 -lgio-2.0 -lgobject-2.0 -lxfce4util -lglib-2.0 '
EXO_REQUIRED_VERSION='0.11.2'
EXO_VERSION='4.18.0'
FGREP='/usr/bin/grep -F'
FILECMD='file'
GARCON_CFLAGS='-I/usr/include/garcon-1 -I/usr/include/glib-2.0 -I/usr/lib/x86_64-linux-gnu/glib-2.0/include -I/usr/include/libmount -I/usr/include/blkid -pthread '
GARCON_GTK3_CFLAGS='-I/usr/include/garcon-gtk3-1 -I/usr/include/garcon-1 -I/usr/include/glib-2.0 -I/usr/lib/x86_64-linux-gnu/glib-2.0/include -I/usr/include/libmount -I/usr/include/blkid -I/usr/include/gtk-3.0 -I/usr/include/pango-1.0 -I/usr/include/harfbuzz -I/usr/include/freetype2 -I/usr/include/libpng16 -I/usr/include/fribidi -I/usr/include/cairo -I/usr/include/pixman-1 -I/usr/include/gdk-pixbuf-2.0 -I/usr/include/x86_64-linux-gnu -I/usr/include/webp -I/usr/include/gio-unix-2.0 -I/usr/include/atk-1.0 -I/usr/include/at-spi2-atk/2.0 -I/usr/include/at-spi-2.0 -I/usr/include/dbus-1.0 -I/usr/lib/x86_64-linux-gnu/dbus-1.0/include -I/usr/include/xfce4/libxfce4ui-2 -pthread -I/usr/include/xfce4 '
GARCON_GTK3_LIBS='-lgarcon-gtk3-1 -lgarcon-1 -lgthread-2.0 -pthread -lglib-2.0 -lxfce4ui-2 -lgtk-3 -lgdk-3 -lz -lpangocairo-1.0 -lpango-1.0 -lharfbuzz -latk-1.0 -lcairo-gobject -lcairo -lgdk_pixbuf-2.0 -lgio-2.0 -lgobject-2.0 -lxfce4util -lglib-2.0 '
GARCON_GTK3_REQUIRED_VERSION='4.17.0'
GARCON_GTK3_VERSION='4.18.1'
GARCON_LIBS='-lgarcon-1 -lgio-2.0 -lgthread-2.0 -pthread -lglib-2.0 -lgobject-2.0 -lglib-2.0 '
GARCON_REQUIRED_VERSION='4.17.0'
GARCON_VERSION='4.18.1'
GDBUS_CODEGEN='/usr/bin/gdbus-codegen'
GETTEXT_PACKAGE='xfce4-panel'
GIO_CFLAGS='-I/usr/include/glib-2.0 -I/usr/lib/x86_64-linux-gnu/glib-2.0/include -pthread -I/usr/include/libmount -I/usr/include/blkid '
GIO_LIBS='-lgio-2.0 -lgobject-2.0 -lglib-2.0 '
GIO_REQUIRED_VERSION='2.66.0'
GIO_UNIX_CFLAGS='-I/usr/include/gio-unix-2.0 -I/usr/include/glib-2.0 -I/usr/lib/x86_64-linux-gnu/glib-2.0/include -pthread -I/usr/include/libmount -I/usr/include/blkid '
GIO_UNIX_LIBS='-lgio-2.0 -lgobject-2.0 -lglib-2.0 '
GIO_UNIX_REQUIRED_VERSION='2.66.0'
GIO_UNIX_VERSION='2.80.0'
GIO_VERSION='2.80.0'
GLIB_CFLAGS='-I/usr/include/glib-2.0 -I/usr/lib/x86_64-linux-gnu/glib-2.0/include '
GLIB_LIBS='-lglib-2.0 '
GLIB_REQUIRED_VERSION='2.66.0'
GLIB_VERSION='2.80.0'
GMODULE_CFLAGS='-pthread -I/usr/include/glib-2.0 -I/usr/lib/x86_64-linux-gnu/glib-2.0/include '
GMODULE_LIBS='-Wl,--export-dynamic -lgmodule-2.0 -pthread -lglib-2.0 -lglib-2.0 '
GMODULE_REQUIRED_VERSION='2.66.0'
GMODULE_VERSION='2.80.0'
GMSGFMT='/usr/bin/msgfmt'
GREP='/usr/bin/grep'
GTKDOC_CHECK='gtkdoc-check.test'
GTKDOC_CHECK_PATH='/usr/bin/gtkdoc-check'
GTKDOC_DEPS_CFLAGS='-I/usr/include/glib-2.0 -I/usr/lib/x86_64-linux-gnu/glib-2.0/include '
GTKDOC_DEPS_LIBS='-lgobject-2.0 -lglib-2.0 '
GTKDOC_MKPDF='/usr/bin/gtkdoc-mkpdf'
GTKDOC_REBASE='/usr/bin/gtkdoc-rebase'
GTK_CFLAGS='-I/usr/include/gtk-3.0 -I/usr/include/pango-1.0 -I/usr/include/glib-2.0 -I/usr/lib/x86_64-linux-gnu/glib-2.0/include -I/usr/include/harfbuzz -I/usr/include/freetype2 -I/usr/include/libpng16 -I/usr/include/libmount -I/usr/include/blkid -I/usr/include/fribidi -I/usr/include/cairo -I/usr/include/pixman-1 -I/usr/include/gdk-pixbuf-2.0 -I/usr/include/x86_64-linux-gnu -I/usr/include/webp -I/usr/include/gio-unix-2.0 -I/usr/include/atk-1.0 -I/usr/include/at-spi2-atk/2.0 -I/usr/include/at-spi-2.0 -I/usr/include/dbus-1.0 -I/usr/lib/x86_64-linux-gnu/dbus-1.0/include -pthread '
GTK_DOC_BUILD_HTML_FALSE='#'
GTK_DOC_BUILD_HTML_TRUE=''
GTK_DOC_BUILD_PDF_FALSE=''
GTK_DOC_BUILD_PDF_TRUE='#'
GTK_DOC_EXTRA_CFLAGS=' -Wno-sign-compare'
GTK_DOC_USE_LIBTOOL_FALSE='#'
GTK_DOC_USE_LIBTOOL_TRUE=''
GTK_DOC_USE_REBASE_FALSE='#'
GTK_DOC_USE_REBASE_TRUE=''
GTK_LIBS='-lgtk-3 -lgdk-3 -lz -lpangocairo-1.0 -lpango-1.0 -lharfbuzz -latk-1.0 -lcairo-gobject -lcairo -lgdk_pixbuf-2.0 -lgio-2.0 -lgobject-2.0 -lglib-2.0 '
GTK_REQUIRED_VERSION='3.24.0'
GTK_VERSION='3.24.41'
HAVE_DBUSMENU_FALSE=''
HAVE_DBUSMENU_TRUE='#'
HAVE_GIO_UNIX_FALSE='#'
HAVE_GIO_UNIX_TRUE=''
HAVE_GNUC_VISIBILITY_FALSE='#'
HAVE_GNUC_VISIBILITY_TRUE=''
HAVE_GTK_DOC_FALSE='#'
HAVE_GTK_DOC_TRUE=''
HAVE_INTROSPECTION_FALSE='#'
HAVE_INTROSPECTION_TRUE=''
HELPER_PATH_PREFIX='${exec_prefix}/lib'
HTML_DIR='${datadir}/gtk-doc/html'
INSTALL_DATA='${INSTALL} -m 644'
INSTALL_PROGRAM='${INSTALL}'
INSTALL_SCRIPT='${INSTALL}'
INSTALL_STRIP_PROGRAM='$(install_sh) -c -s'
INTLTOOL_CAVES_RULE='%.caves:     %.caves.in     $(INTLTOOL_MERGE) $(wildcard $(top_srcdir)/po/*.po) ; $(INTLTOOL_V_MERGE)LC_ALL=C $(INTLTOOL_MERGE) $(INTLTOOL_V_MERGE_OPTIONS) -d -u -c $(top_builddir)/po/.intltool-merge-cache $(top_srcdir)/po $< $@'
INTLTOOL_DESKTOP_RULE='%.desktop:   %.desktop.in   $(INTLTOOL_MERGE) $(wildcard $(top_srcdir)/po/*.po) ; $(INTLTOOL_V_MERGE)LC_ALL=C $(INTLTOOL_MERGE) $(INTLTOOL_V_MERGE_OPTIONS) -d -u -c $(top_builddir)/po/.intltool-merge-cache $(top_srcdir)/po $< $@'
INTLTOOL_DIRECTORY_RULE='%.directory: %.directory.in $(INTLTOOL_MERGE) $(wildcard $(top_srcdir)/po/*.po) ; $(INTLTOOL_V_MERGE)LC_ALL=C $(INTLTOOL_MERGE) $(INTLTOOL_V_MERGE_OPTIONS) -d -u -c $(top_builddir)/po/.intltool-merge-cache $(top_srcdir)/po $< $@'
INTLTOOL_EXTRACT='/usr/bin/intltool-extract'
INTLTOOL_KBD_RULE='%.kbd:       %.kbd.in       $(INTLTOOL_MERGE) $(wildcard $(top_srcdir)/po/*.po) ; $(INTLTOOL_V_MERGE)LC_ALL=C $(INTLTOOL_MERGE) $(INTLTOOL_V_MERGE_OPTIONS) -x -u -m -c $(top_builddir)/po/.intltool-merge-cache $(top_srcdir)/po $< $@'
INTLTOOL_KEYS_RULE='%.keys:      %.keys.in      $(INTLTOOL_MERGE) $(wildcard $(top_srcdir)/po/*.po) ; $(INTLTOOL_V_MERGE)LC_ALL=C $(INTLTOOL_MERGE) $(INTLTOOL_V_MERGE_OPTIONS) -k -u -c $(top_builddir)/po/.intltool-merge-cache $(top_srcdir)/po $< $@'
INTLTOOL_MERGE='/usr/bin/intltool-merge'
INTLTOOL_OAF_RULE='%.oaf:       %.oaf.in       $(INTLTOOL_MERGE) $(wildcard $(top_srcdir)/po/*.po) ; $(INTLTOOL_V_MERGE)LC_ALL=C $(INTLTOOL_MERGE) $(INTLTOOL_V_MERGE_OPTIONS) -o -p $(top_srcdir)/po $< $@'
INTLTOOL_PERL='/usr/bin/perl'
INTLTOOL_POLICY_RULE='%.policy:    %.policy.in    $(INTLTOOL_MERGE) $(wildcard $(top_srcdir)/po/*.po) ; $(INTLTOOL_V_MERGE)LC_ALL=C $(INTLTOOL_MERGE) $(INTLTOOL_V_MERGE_OPTIONS) -x -u -c $(top_builddir)/po/.intltool-merge-cache $(top_srcdir)/po $< $@'
INTLTOOL_PONG_RULE='%.pong:      %.pong.in      $(INTLTOOL_MERGE) $(wildcard $(top_srcdir)/po/*.po) ; $(INTLTOOL_V_MERGE)LC_ALL=C $(INTLTOOL_MERGE) $(INTLTOOL_V_MERGE_OPTIONS) -x -u -c $(top_builddir)/po/.intltool-merge-cache $(top_srcdir)/po $< $@'
INTLTOOL_PROP_RULE='%.prop:      %.prop.in      $(INTLTOOL_MERGE) $(wildcard $(top_srcdir)/po/*.po) ; $(INTLTOOL_V_MERGE)LC_ALL=C $(INTLTOOL_MERGE) $(INTLTOOL_V_MERGE_OPTIONS) -d -u -c $(top_builddir)/po/.intltool-merge-cache $(top_srcdir)/po $< $@'
INTLTOOL_SCHEMAS_RULE='%.schemas:   %.schemas.in   $(INTLTOOL_MERGE) $(wildcard $(top_srcdir)/po/*.po) ; $(INTLTOOL_V_MERGE)LC_ALL=C $(INTLTOOL_MERGE) $(INTLTOOL_V_MERGE_OPTIONS) -s -u -c $(top_builddir)/po/.intltool-merge-cache $(top_srcdir)/po $< $@'
INTLTOOL_SERVER_RULE='%.server:    %.server.in    $(INTLTOOL_MERGE) $(wildcard $(top_srcdir)/po/*.po) ; $(INTLTOOL_V_MERGE)LC_ALL=C $(INTLTOOL_MERGE) $(INTLTOOL_V_MERGE_OPTIONS) -o -u -c $(top_builddir)/po/.intltool-merge-cache $(top_srcdir)/po $< $@'
INTLTOOL_SERVICE_RULE='%.service: %.service.in   $(INTLTOOL_MERGE) $(wildcard $(top_srcdir)/po/*.po) ; $(INTLTOOL_V_MERGE)LC_ALL=C $(INTLTOOL_MERGE) $(INTLTOOL_V_MERGE_OPTIONS) -d -u -c $(top_builddir)/po/.intltool-merge-cache $(top_srcdir)/po $< $@'
INTLTOOL_SHEET_RULE='%.sheet:     %.sheet.in     $(INTLTOOL_MERGE) $(wildcard $(top_srcdir)/po/*.po) ; $(INTLTOOL_V_MERGE)LC_ALL=C $(INTLTOOL_MERGE) $(INTLTOOL_V_MERGE_OPTIONS) -x -u -c $(top_builddir)/po/.intltool-merge-cache $(top_srcdir)/po $< $@'
INTLTOOL_SOUNDLIST_RULE='%.soundlist: %.soundlist.in $(INTLTOOL_MERGE) $(wildcard $(top_srcdir)/po/*.po) ; $(INTLTOOL_V_MERGE)LC_ALL=C $(INTLTOOL_MERGE) $(INTLTOOL_V_MERGE_OPTIONS) -d -u -c $(top_builddir)/po/.intltool-merge-cache $(top_srcdir)/po $< $@'
INTLTOOL_THEME_RULE='%.theme:     %.theme.in     $(INTLTOOL_MERGE) $(wildcard $(top_srcdir)/po/*.po) ; $(INTLTOOL_V_MERGE)LC_ALL=C $(INTLTOOL_MERGE) $(INTLTOOL_V_MERGE_OPTIONS) -d -u -c $(top_builddir)/po/.intltool-merge-cache $(top_srcdir)/po $< $@'
INTLTOOL_UI_RULE='%.ui:        %.ui.in        $(INTLTOOL_MERGE) $(wildcard $(top_srcdir)/po/*.po) ; $(INTLTOOL_V_MERGE)LC_ALL=C $(INTLTOOL_MERGE) $(INTLTOOL_V_MERGE_OPTIONS) -x -u -c $(top_builddir)/po/.intltool-merge-cache $(top_srcdir)/po $< $@'
INTLTOOL_UPDATE='/usr/bin/intltool-update'
INTLTOOL_V_MERGE='$(INTLTOOL__v_MERGE_$(V))'
INTLTOOL_V_MERGE_OPTIONS='$(intltool__v_merge_options_$(V))'
INTLTOOL_XAM_RULE='%.xam:       %.xml.in       $(INTLTOOL_MERGE) $(wildcard $(top_srcdir)/po/*.po) ; $(INTLTOOL_V_MERGE)LC_ALL=C $(INTLTOOL_MERGE) $(INTLTOOL_V_MERGE_OPTIONS) -x -u -c $(top_builddir)/po/.intltool-merge-cache $(top_srcdir)/po $< $@'
INTLTOOL_XML_NOMERGE_RULE='%.xml:       %.xml.in       $(INTLTOOL_MERGE) ; $(INTLTOOL_V_MERGE)LC_ALL=C $(INTLTOOL_MERGE) $(INTLTOOL_V_MERGE_OPTIONS) -x -u --no-translations $< $@'
INTLTOOL_XML_RULE='%.xml:       %.xml.in       $(INTLTOOL_MERGE) $(wildcard $(top_srcdir)/po/*.po) ; $(INTLTOOL_V_MERGE)LC_ALL=C $(INTLTOOL_MERGE) $(INTLTOOL_V_MERGE_OPTIONS) -x -u -c $(top_builddir)/po/.intltool-merge-cache $(top_srcdir)/po $< $@'
INTLTOOL__v_MERGE_0='@echo "  ITMRG " $@;'
INTLTOOL__v_MERGE_='$(INTLTOOL__v_MERGE_$(AM_DEFAULT_VERBOSITY))'
INTROSPECTION_CFLAGS='-I/usr/include/gobject-introspection-1.0 -I/usr/include/glib-2.0 -I/usr/lib/x86_64-linux-gnu/glib-2.0/include '
INTROSPECTION_COMPILER='/usr/bin/x86_64-linux-gnu-g-ir-compiler'
INTROSPECTION_GENERATE='/usr/bin/x86_64-linux-gnu-g-ir-generate'
INTROSPECTION_GIRDIR='/usr/share/gir-1.0'
INTROSPECTION_LIBS='-lgirepository-1.0 -lgobject-2.0 -lglib-2.0 '
INTROSPECTION_MAKEFILE='/usr/share/gobject-introspection-1.0/Makefile.introspection'
INTROSPECTION_SCANNER='/usr/bin/x86_64-linux-gnu-g-ir-scanner'
INTROSPECTION_TYPELIBDIR='/usr/lib/girepository-1.0'
LD='/usr/bin/ld -m elf_x86_64'
LDFLAGS=' -Wl,--as-needed -Wl,-O1'
LIBOBJS=''
LIBS=''
LIBTOOL='$(SHELL) $(top_builddir)/libtool'
LIBWNCK_CFLAGS='-I/usr/include/libwnck-3.0 -I/usr/include/glib-2.0 -I/usr/lib/x86_64-linux-gnu/glib-2.0/include -I/usr/include/gtk-3.0 -I/usr/include/pango-1.0 -I/usr/include/harfbuzz -I/usr/include/freetype2 -I/usr/include/libpng16 -I/usr/include/libmount -I/usr/include/blkid -I/usr/include/fribidi -I/usr/include/cairo -I/usr/include/pixman-1 -I/usr/include/gdk-pixbuf-2.0 -I/usr/include/x86_64-linux-gnu -I/usr/include/webp -I/usr/include/gio-unix-2.0 -I/usr/include/atk-1.0 -I/usr/include/at-spi2-atk/2.0 -I/usr/include/at-spi-2.0 -I/usr/include/dbus-1.0 -I/usr/lib/x86_64-linux-gnu/dbus-1.0/include -pthread -I/usr/include/startup-notification-1.0 '
LIBWNCK_LIBS='-lwnck-3 -lgtk-3 -lgdk-3 -lz -lpangocairo-1.0 -lpango-1.0 -lharfbuzz -latk-1.0 -lcairo-gobject -lcairo -lgdk_pixbuf-2.0 -lgio-2.0 -lgobject-2.0 -lglib-2.0 '
LIBWNCK_REQUIRED_VERSION='3.0'
LIBWNCK_VERSION='43.0'
LIBX11_CFLAGS=''
LIBX11_LDFLAGS=''
LIBX11_LIBS=' -lSM -lICE -lX11'
LIBXFCE4PANEL_VERINFO='4:0:0'
LIBXFCE4PANEL_VERSION='4.18.4'
LIBXFCE4PANEL_VERSION_API='2.0'
LIBXFCE4PANEL_VERSION_MAJOR='4'
LIBXFCE4PANEL_VERSION_MICRO='4'
LIBXFCE4PANEL_VERSION_MINOR='18'
LIBXFCE4UI_CFLAGS='-I/usr/include/xfce4/libxfce4ui-2 -I/usr/include/gtk-3.0 -I/usr/include/pango-1.0 -I/usr/include/glib-2.0 -I/usr/lib/x86_64-linux-gnu/glib-2.0/include -I/usr/include/harfbuzz -I/usr/include/freetype2 -I/usr/include/libpng16 -I/usr/include/libmount -I/usr/include/blkid -I/usr/include/fribidi -I/usr/include/cairo -I/usr/include/pixman-1 -I/usr/include/gdk-pixbuf-2.0 -I/usr/include/x86_64-linux-gnu -I/usr/include/webp -I/usr/include/gio-unix-2.0 -I/usr/include/atk-1.0 -I/usr/include/at-spi2-atk/2.0 -I/usr/include/at-spi-2.0 -I/usr/include/dbus-1.0 -I/usr/lib/x86_64-linux-gnu/dbus-1.0/include -pthread -I/usr/include/xfce4 '
LIBXFCE4UI_LIBS='-lxfce4ui-2 -lgtk-3 -lgdk-3 -lz -lpangocairo-1.0 -lpango-1.0 -lharfbuzz -latk-1.0 -lcairo-gobject -lcairo -lgdk_pixbuf-2.0 -lgio-2.0 -lgobject-2.0 -lxfce4util -lglib-2.0 '
LIBXFCE4UI_REQUIRED_VERSION='4.17.1'
LIBXFCE4UI_VERSION='4.18.4'
LIBXFCE4UTIL_CFLAGS='-I/usr/include/xfce4 -I/usr/include/glib-2.0 -I/usr/lib/x86_64-linux-gnu/glib-2.0/include '
LIBXFCE4UTIL_LIBS='-lxfce4util -lglib-2.0 '
LIBXFCE4UTIL_REQUIRED_VERSION='4.17.2'
LIBXFCE4UTIL_VERSION='4.18.1'
LIPO=''
LN_S='ln -s'
LTLIBOBJS=''
LT_SYS_LIBRARY_PATH=''
MAINT='#'
MAINTAINER_MODE_FALSE=''
MAINTAINER_MODE_TRUE='#'
MAKEINFO='${SHELL} '\''/tmp/xfce4-panel-4.18.4/missing'\'' makeinfo'
MANIFEST_TOOL=':'
MKDIR_P='/usr/bin/mkdir -p'
MSGFMT='/usr/bin/msgfmt'
MSGMERGE='/usr/bin/msgmerge'
NM='/usr/bin/nm -B'
NMEDIT=''
OBJDUMP='objdump'
OBJEXT='o'
OTOOL64=''
OTOOL=''
PACKAGE='xfce4-panel'
PACKAGE_BUGREPORT='https://gitlab.xfce.org/xfce/xfce4-panel/-/issues'
PACKAGE_NAME='xfce4-panel'
PACKAGE_STRING='xfce4-panel 4.18.4'
PACKAGE_TARNAME='xfce4-panel'
PACKAGE_URL=''
PACKAGE_VERSION='4.18.4'
PATH_SEPARATOR=':'
PERL='perl'
PKG_CONFIG='/usr/bin/pkg-config'
PKG_CONFIG_LIBDIR=''
PKG_CONFIG_PATH='/tmp/extracted/usr/lib/x86_64-linux-gnu/pkgconfig:'
PLATFORM_CFLAGS=''
PLATFORM_CPPFLAGS=''
PLATFORM_LDFLAGS=''
RANLIB='ranlib'
SED='/usr/bin/sed'
SET_MAKE=''
SHELL='/bin/bash'
STRIP='strip'
USE_NLS='yes'
VAPIGEN=''
VAPIGEN_MAKEFILE=''
VAPIGEN_VAPIDIR=''
VERSION='4.18.4'
XFCE4_PANEL_CONFIG_VERSION='2'
XFCONF_CFLAGS='-I/usr/include/xfce4/xfconf-0 -I/usr/include/glib-2.0 -I/usr/lib/x86_64-linux-gnu/glib-2.0/include -pthread -I/usr/include/libmount -I/usr/include/blkid '
XFCONF_LIBS='-lxfconf-0 -lgio-2.0 -lgobject-2.0 -lglib-2.0 '
XFCONF_REQUIRED_VERSION='4.13.2'
XFCONF_VERSION='4.18.1'
XGETTEXT='/usr/bin/xgettext'
XMKMF=''
X_CFLAGS=''
X_EXTRA_LIBS=''
X_LIBS=''
X_PRE_LIBS=' -lSM -lICE'
_GI_EXP_DATADIR='/usr/share'
_GI_EXP_LIBDIR='/usr/lib'
ac_ct_AR='ar'
ac_ct_CC='gcc'
ac_ct_DUMPBIN=''
am__EXEEXT_FALSE=''
am__EXEEXT_TRUE='#'
am__fastdepCC_FALSE='#'
am__fastdepCC_TRUE=''
am__include='include'
am__isrc=''
am__leading_dot='.'
am__nodep='_no'
am__quote=''
am__tar='tar --format=ustar -chf - "$$tardir"'
am__untar='tar -xf -'
bindir='${exec_prefix}/bin'
build='x86_64-pc-linux-gnu'
build_alias=''
build_cpu='x86_64'
build_os='linux-gnu'
build_vendor='pc'
datadir='${datarootdir}'
datarootdir='${prefix}/share'
docdir='${datarootdir}/doc/${PACKAGE_TARNAME}'
dvidir='${docdir}'
exec_prefix='${prefix}'
host='x86_64-pc-linux-gnu'
host_alias=''
host_cpu='x86_64'
host_os='linux-gnu'
host_vendor='pc'
htmldir='${docdir}'
includedir='${prefix}/include'
infodir='${datarootdir}/info'
install_sh='${SHELL} /tmp/xfce4-panel-4.18.4/install-sh'
intltool__v_merge_options_0='-q'
intltool__v_merge_options_='$(intltool__v_merge_options_$(AM_DEFAULT_VERBOSITY))'
libdir='${exec_prefix}/lib'
libexecdir='${exec_prefix}/libexec'
localedir='${prefix}/share/locale'
localstatedir='${prefix}/var'
mandir='${datarootdir}/man'
mkdir_p='$(MKDIR_P)'
oldincludedir='/usr/include'
pdfdir='${docdir}'
prefix='/usr'
program_transform_name='s,x,x,'
psdir='${docdir}'
runstatedir='${localstatedir}/run'
sbindir='${exec_prefix}/sbin'
sharedstatedir='${prefix}/com'
sysconfdir='${prefix}/etc'
target_alias=''

## ----------- ##
## confdefs.h. ##
## ----------- ##

/* confdefs.h */
#define PACKAGE_NAME "xfce4-panel"
#define PACKAGE_TARNAME "xfce4-panel"
#define PACKAGE_VERSION "4.18.4"
#define PACKAGE_STRING "xfce4-panel 4.18.4"
#define PACKAGE_BUGREPORT "https://gitlab.xfce.org/xfce/xfce4-panel/-/issues"
#define PACKAGE_URL ""
#define PACKAGE "xfce4-panel"
#define VERSION "4.18.4"
#define HAVE_STDIO_H 1
#define HAVE_STDLIB_H 1
#define HAVE_STRING_H 1
#define HAVE_INTTYPES_H 1
#define HAVE_STDINT_H 1
#define HAVE_STRINGS_H 1
#define HAVE_SYS_STAT_H 1
#define HAVE_SYS_TYPES_H 1
#define HAVE_UNISTD_H 1
#define HAVE_WCHAR_H 1
#define STDC_HEADERS 1
#define _ALL_SOURCE 1
#define _DARWIN_C_SOURCE 1
#define _GNU_SOURCE 1
#define _HPUX_ALT_XOPEN_SOCKET_API 1
#define _NETBSD_SOURCE 1
#define _OPENBSD_SOURCE 1
#define _POSIX_PTHREAD_SEMANTICS 1
#define __STDC_WANT_IEC_60559_ATTRIBS_EXT__ 1
#define __STDC_WANT_IEC_60559_BFP_EXT__ 1
#define __STDC_WANT_IEC_60559_DFP_EXT__ 1
#define __STDC_WANT_IEC_60559_FUNCS_EXT__ 1
#define __STDC_WANT_IEC_60559_TYPES_EXT__ 1
#define __STDC_WANT_LIB_EXT2__ 1
#define __STDC_WANT_MATH_SPEC_FUNCS__ 1
#define _TANDEM_SOURCE 1
#define __EXTENSIONS__ 1
#define HAVE_DLFCN_H 1
#define LT_OBJDIR ".libs/"
#define LIBXFCE4PANEL_VERSION_API "2.0"
#define XFCE4_PANEL_CONFIG_VERSION 2
#define HAVE_STDLIB_H 1
#define HAVE_UNISTD_H 1
#define HAVE_LOCALE_H 1
#define HAVE_STDIO_H 1
#define HAVE_ERRNO_H 1
#define HAVE_TIME_H 1
#define HAVE_STRING_H 1
#define HAVE_MATH_H 1
#define HAVE_SYS_TYPES_H 1
#define HAVE_SYS_WAIT_H 1
#define HAVE_MEMORY_H 1
#define HAVE_SIGNAL_H 1
#define HAVE_SYS_PRCTL_H 1
#define HAVE_LIBINTL_H 1
#define HAVE_BIND_TEXTDOMAIN_CODESET 1
#define GETTEXT_PACKAGE "xfce4-panel"
#define HAVE_LIBX11 1
#define GLIB_VERSION_MAX_ALLOWED GLIB_VERSION_2_66
#define GLIB_VERSION_MIN_REQUIRED GLIB_VERSION_2_66
#define G_LOG_USE_STRUCTURED 1
#define G_LOG_USE_STRUCTURED 1
#define GLIB_VERSION_MAX_ALLOWED GLIB_VERSION_2_66
#define GLIB_VERSION_MIN_REQUIRED GLIB_VERSION_2_66
#define HAVE_GIO_UNIX 1

configure: exit 0
